This is pdfTeX, Version 3.141592653-2.6-1.40.28 (MiKTeX 25.12) (preloaded format=pdflatex 2026.1.26)  27 JAN 2026 20:13
entering extended mode
 restricted \write18 enabled.
 file:line:error style messages enabled.
 %&-line parsing enabled.
**d:/Sorbonne/M2-MIND/SACE/presentation/main.tex
(d:/Sorbonne/M2-MIND/SACE/presentation/main.tex
LaTeX2e <2025-11-01>
L3 programming layer <2025-12-24>
(C:\Users\titou\AppData\Local\Programs\MiKTeX\tex/latex/beamer\beamer.cls
Document Class: beamer 2025/08/13 v3.76 A class for typesetting presentations
(C:\Users\titou\AppData\Local\Programs\MiKTeX\tex/latex/beamer\beamerbasemodes.sty (C:\Users\titou\AppData\Local\Programs\MiKTeX\tex/latex/etoolbox\etoolbox.sty
Package: etoolbox 2025/10/02 v2.5m e-TeX tools for LaTeX (JAW)
\etb@tempcnta=\count275
)
\beamer@tempbox=\box53
\beamer@tempcount=\count276
\c@beamerpauses=\count277
 (C:\Users\titou\AppData\Local\Programs\MiKTeX\tex/latex/beamer\beamerbasedecode.sty
\beamer@slideinframe=\count278
\beamer@minimum=\count279
\beamer@decode@box=\box54
)
\beamer@commentbox=\box55
\beamer@modecount=\count280
) (C:\Users\titou\AppData\Local\Programs\MiKTeX\tex/generic/iftex\iftex.sty
Package: iftex 2024/12/12 v1.0g TeX engine tests
)
\headdp=\dimen148
\footheight=\dimen149
\sidebarheight=\dimen150
\beamer@tempdim=\dimen151
\beamer@finalheight=\dimen152
\beamer@animht=\dimen153
\beamer@animdp=\dimen154
\beamer@animwd=\dimen155
\beamer@leftmargin=\dimen156
\beamer@rightmargin=\dimen157
\beamer@leftsidebar=\dimen158
\beamer@rightsidebar=\dimen159
\beamer@boxsize=\dimen160
\beamer@vboxoffset=\dimen161
\beamer@descdefault=\dimen162
\beamer@descriptionwidth=\dimen163
\beamer@lastskip=\skip49
\beamer@areabox=\box56
\beamer@animcurrent=\box57
\beamer@animshowbox=\box58
\beamer@sectionbox=\box59
\beamer@logobox=\box60
\beamer@linebox=\box61
\beamer@sectioncount=\count281
\beamer@subsubsectionmax=\count282
\beamer@subsectionmax=\count283
\beamer@sectionmax=\count284
\beamer@totalheads=\count285
\beamer@headcounter=\count286
\beamer@partstartpage=\count287
\beamer@sectionstartpage=\count288
\beamer@subsectionstartpage=\count289
\beamer@animationtempa=\count290
\beamer@animationtempb=\count291
\beamer@xpos=\count292
\beamer@ypos=\count293
\beamer@ypos@offset=\count294
\beamer@showpartnumber=\count295
\beamer@currentsubsection=\count296
\beamer@coveringdepth=\count297
\beamer@sectionadjust=\count298
\beamer@toclastsection=\count299
\beamer@tocsectionnumber=\count300
 (C:\Users\titou\AppData\Local\Programs\MiKTeX\tex/latex/beamer\beamerbaseoptions.sty (C:\Users\titou\AppData\Local\Programs\MiKTeX\tex/latex/graphics\keyval.sty
Package: keyval 2022/05/29 v1.15 key=value parser (DPC)
\KV@toks@=\toks17
))
\beamer@paperwidth=\skip50
\beamer@paperheight=\skip51
 (C:\Users\titou\AppData\Local\Programs\MiKTeX\tex/latex/geometry\geometry.sty
Package: geometry 2020/01/02 v5.9 Page Geometry
 (C:\Users\titou\AppData\Local\Programs\MiKTeX\tex/generic/iftex\ifvtex.sty
Package: ifvtex 2019/10/25 v1.7 ifvtex legacy package. Use iftex instead.
)
\Gm@cnth=\count301
\Gm@cntv=\count302
\c@Gm@tempcnt=\count303
\Gm@bindingoffset=\dimen164
\Gm@wd@mp=\dimen165
\Gm@odd@mp=\dimen166
\Gm@even@mp=\dimen167
\Gm@layoutwidth=\dimen168
\Gm@layoutheight=\dimen169
\Gm@layouthoffset=\dimen170
\Gm@layoutvoffset=\dimen171
\Gm@dimlist=\toks18
 (C:\Users\titou\AppData\Local\Programs\MiKTeX\tex/latex/geometry\geometry.cfg)) (C:\Users\titou\AppData\Local\Programs\MiKTeX\tex/latex/pgf/math\pgfmath.sty (C:\Users\titou\AppData\Local\Programs\MiKTeX\tex/latex/pgf/utilities\pgfrcs.sty (C:\Users\titou\AppData\Local\Programs\MiKTeX\tex/generic/pgf/utilities\pgfutil-common.tex
\pgfutil@everybye=\toks19
\pgfutil@tempdima=\dimen172
\pgfutil@tempdimb=\dimen173
) (C:\Users\titou\AppData\Local\Programs\MiKTeX\tex/generic/pgf/utilities\pgfutil-latex.def
\pgfutil@abb=\box62
) (C:\Users\titou\AppData\Local\Programs\MiKTeX\tex/generic/pgf/utilities\pgfrcs.code.tex (C:\Users\titou\AppData\Local\Programs\MiKTeX\tex/generic/pgf\pgf.revision.tex)
Package: pgfrcs 2025-08-29 v3.1.11a (3.1.11a)
)) (C:\Users\titou\AppData\Local\Programs\MiKTeX\tex/latex/pgf/utilities\pgfkeys.sty (C:\Users\titou\AppData\Local\Programs\MiKTeX\tex/generic/pgf/utilities\pgfkeys.code.tex
\pgfkeys@pathtoks=\toks20
\pgfkeys@temptoks=\toks21
 (C:\Users\titou\AppData\Local\Programs\MiKTeX\tex/generic/pgf/utilities\pgfkeyslibraryfiltered.code.tex
\pgfkeys@tmptoks=\toks22
))) (C:\Users\titou\AppData\Local\Programs\MiKTeX\tex/generic/pgf/math\pgfmath.code.tex (C:\Users\titou\AppData\Local\Programs\MiKTeX\tex/generic/pgf/math\pgfmathutil.code.tex
\pgf@x=\dimen174
\pgf@xa=\dimen175
\pgf@xb=\dimen176
\pgf@xc=\dimen177
\pgf@y=\dimen178
\pgf@ya=\dimen179
\pgf@yb=\dimen180
\pgf@yc=\dimen181
\c@pgf@counta=\count304
\c@pgf@countb=\count305
\c@pgf@countc=\count306
\c@pgf@countd=\count307
) (C:\Users\titou\AppData\Local\Programs\MiKTeX\tex/generic/pgf/math\pgfmathparser.code.tex
\pgfmath@dimen=\dimen182
\pgfmath@count=\count308
\pgfmath@box=\box63
\pgfmath@toks=\toks23
\pgfmath@stack@operand=\toks24
\pgfmath@stack@operation=\toks25
) (C:\Users\titou\AppData\Local\Programs\MiKTeX\tex/generic/pgf/math\pgfmathfunctions.code.tex) (C:\Users\titou\AppData\Local\Programs\MiKTeX\tex/generic/pgf/math\pgfmathfunctions.basic.code.tex) (C:\Users\titou\AppData\Local\Programs\MiKTeX\tex/generic/pgf/math\pgfmathfunctions.trigonometric.code.tex) (C:\Users\titou\AppData\Local\Programs\MiKTeX\tex/generic/pgf/math\pgfmathfunctions.random.code.tex) (C:\Users\titou\AppData\Local\Programs\MiKTeX\tex/generic/pgf/math\pgfmathfunctions.comparison.code.tex) (C:\Users\titou\AppData\Local\Programs\MiKTeX\tex/generic/pgf/math\pgfmathfunctions.base.code.tex) (C:\Users\titou\AppData\Local\Programs\MiKTeX\tex/generic/pgf/math\pgfmathfunctions.round.code.tex) (C:\Users\titou\AppData\Local\Programs\MiKTeX\tex/generic/pgf/math\pgfmathfunctions.misc.code.tex) (C:\Users\titou\AppData\Local\Programs\MiKTeX\tex/generic/pgf/math\pgfmathfunctions.integerarithmetics.code.tex) (C:\Users\titou\AppData\Local\Programs\MiKTeX\tex/generic/pgf/math\pgfmathcalc.code.tex) (C:\Users\titou\AppData\Local\Programs\MiKTeX\tex/generic/pgf/math\pgfmathfloat.code.tex
\c@pgfmathroundto@lastzeros=\count309
))) (C:\Users\titou\AppData\Local\Programs\MiKTeX\tex/latex/base\size11.clo
File: size11.clo 2025/01/22 v1.4n Standard LaTeX file (size option)
) (C:\Users\titou\AppData\Local\Programs\MiKTeX\tex/latex/pgf/basiclayer\pgfcore.sty (C:\Users\titou\AppData\Local\Programs\MiKTeX\tex/latex/graphics\graphicx.sty
Package: graphicx 2024/12/31 v1.2e Enhanced LaTeX Graphics (DPC,SPQR)
 (C:\Users\titou\AppData\Local\Programs\MiKTeX\tex/latex/graphics\graphics.sty
Package: graphics 2024/08/06 v1.4g Standard LaTeX Graphics (DPC,SPQR)
 (C:\Users\titou\AppData\Local\Programs\MiKTeX\tex/latex/graphics\trig.sty
Package: trig 2023/12/02 v1.11 sin cos tan (DPC)
) (C:\Users\titou\AppData\Local\Programs\MiKTeX\tex/latex/graphics-cfg\graphics.cfg
File: graphics.cfg 2016/06/04 v1.11 sample graphics configuration
)
Package graphics Info: Driver file: pdftex.def on input line 106.
 (C:\Users\titou\AppData\Local\Programs\MiKTeX\tex/latex/graphics-def\pdftex.def
File: pdftex.def 2025/09/29 v1.2d Graphics/color driver for pdftex
))
\Gin@req@height=\dimen183
\Gin@req@width=\dimen184
) (C:\Users\titou\AppData\Local\Programs\MiKTeX\tex/latex/pgf/systemlayer\pgfsys.sty (C:\Users\titou\AppData\Local\Programs\MiKTeX\tex/generic/pgf/systemlayer\pgfsys.code.tex
Package: pgfsys 2025-08-29 v3.1.11a (3.1.11a)
\pgf@x=\dimen185
\pgf@y=\dimen186
\pgf@xa=\dimen187
\pgf@ya=\dimen188
\pgf@xb=\dimen189
\pgf@yb=\dimen190
\pgf@xc=\dimen191
\pgf@yc=\dimen192
\pgf@xd=\dimen193
\pgf@yd=\dimen194
\w@pgf@writea=\write3
\r@pgf@reada=\read2
\c@pgf@counta=\count310
\c@pgf@countb=\count311
\c@pgf@countc=\count312
\c@pgf@countd=\count313
\t@pgf@toka=\toks26
\t@pgf@tokb=\toks27
\t@pgf@tokc=\toks28
\pgf@sys@id@count=\count314
 (C:\Users\titou\AppData\Local\Programs\MiKTeX\tex/generic/pgf/systemlayer\pgf.cfg
File: pgf.cfg 2025-08-29 v3.1.11a (3.1.11a)
)
Driver file for pgf: pgfsys-pdftex.def
 (C:\Users\titou\AppData\Local\Programs\MiKTeX\tex/generic/pgf/systemlayer\pgfsys-pdftex.def
File: pgfsys-pdftex.def 2025-08-29 v3.1.11a (3.1.11a)
 (C:\Users\titou\AppData\Local\Programs\MiKTeX\tex/generic/pgf/systemlayer\pgfsys-common-pdf.def
File: pgfsys-common-pdf.def 2025-08-29 v3.1.11a (3.1.11a)
))) (C:\Users\titou\AppData\Local\Programs\MiKTeX\tex/generic/pgf/systemlayer\pgfsyssoftpath.code.tex
File: pgfsyssoftpath.code.tex 2025-08-29 v3.1.11a (3.1.11a)
\pgfsyssoftpath@smallbuffer@items=\count315
\pgfsyssoftpath@bigbuffer@items=\count316
) (C:\Users\titou\AppData\Local\Programs\MiKTeX\tex/generic/pgf/systemlayer\pgfsysprotocol.code.tex
File: pgfsysprotocol.code.tex 2025-08-29 v3.1.11a (3.1.11a)
)) (C:\Users\titou\AppData\Local\Programs\MiKTeX\tex/latex/xcolor\xcolor.sty
Package: xcolor 2024/09/29 v3.02 LaTeX color extensions (UK)
 (C:\Users\titou\AppData\Local\Programs\MiKTeX\tex/latex/graphics-cfg\color.cfg
File: color.cfg 2016/01/02 v1.6 sample color configuration
)
Package xcolor Info: Driver file: pdftex.def on input line 274.
 (C:\Users\titou\AppData\Local\Programs\MiKTeX\tex/latex/graphics\mathcolor.ltx)
Package xcolor Info: Model `cmy' substituted by `cmy0' on input line 1349.
Package xcolor Info: Model `hsb' substituted by `rgb' on input line 1353.
Package xcolor Info: Model `RGB' extended on input line 1365.
Package xcolor Info: Model `HTML' substituted by `rgb' on input line 1367.
Package xcolor Info: Model `Hsb' substituted by `hsb' on input line 1368.
Package xcolor Info: Model `tHsb' substituted by `hsb' on input line 1369.
Package xcolor Info: Model `HSB' substituted by `hsb' on input line 1370.
Package xcolor Info: Model `Gray' substituted by `gray' on input line 1371.
Package xcolor Info: Model `wave' substituted by `hsb' on input line 1372.
) (C:\Users\titou\AppData\Local\Programs\MiKTeX\tex/latex/colortbl\colortbl.sty
Package: colortbl 2024/10/29 v1.0k Color table columns (DPC)
 (C:\Users\titou\AppData\Local\Programs\MiKTeX\tex/latex/tools\array.sty
Package: array 2025/09/25 v2.6n Tabular extension package (FMi)
\col@sep=\dimen195
\ar@mcellbox=\box64
\extrarowheight=\dimen196
\NC@list=\toks29
\extratabsurround=\skip52
\backup@length=\skip53
\ar@cellbox=\box65
)
\everycr=\toks30
\minrowclearance=\skip54
\rownum=\count317
) (C:\Users\titou\AppData\Local\Programs\MiKTeX\tex/generic/pgf/basiclayer\pgfcore.code.tex
Package: pgfcore 2025-08-29 v3.1.11a (3.1.11a)
 (C:\Users\titou\AppData\Local\Programs\MiKTeX\tex/generic/pgf/math\pgfint.code.tex) (C:\Users\titou\AppData\Local\Programs\MiKTeX\tex/generic/pgf/basiclayer\pgfcorepoints.code.tex
File: pgfcorepoints.code.tex 2025-08-29 v3.1.11a (3.1.11a)
\pgf@picminx=\dimen197
\pgf@picmaxx=\dimen198
\pgf@picminy=\dimen199
\pgf@picmaxy=\dimen256
\pgf@pathminx=\dimen257
\pgf@pathmaxx=\dimen258
\pgf@pathminy=\dimen259
\pgf@pathmaxy=\dimen260
\pgf@xx=\dimen261
\pgf@xy=\dimen262
\pgf@yx=\dimen263
\pgf@yy=\dimen264
\pgf@zx=\dimen265
\pgf@zy=\dimen266
) (C:\Users\titou\AppData\Local\Programs\MiKTeX\tex/generic/pgf/basiclayer\pgfcorepathconstruct.code.tex
File: pgfcorepathconstruct.code.tex 2025-08-29 v3.1.11a (3.1.11a)
\pgf@path@lastx=\dimen267
\pgf@path@lasty=\dimen268
) (C:\Users\titou\AppData\Local\Programs\MiKTeX\tex/generic/pgf/basiclayer\pgfcorepathusage.code.tex
File: pgfcorepathusage.code.tex 2025-08-29 v3.1.11a (3.1.11a)
\pgf@shorten@end@additional=\dimen269
\pgf@shorten@start@additional=\dimen270
) (C:\Users\titou\AppData\Local\Programs\MiKTeX\tex/generic/pgf/basiclayer\pgfcorescopes.code.tex
File: pgfcorescopes.code.tex 2025-08-29 v3.1.11a (3.1.11a)
\pgfpic=\box66
\pgf@hbox=\box67
\pgf@layerbox@main=\box68
\pgf@picture@serial@count=\count318
) (C:\Users\titou\AppData\Local\Programs\MiKTeX\tex/generic/pgf/basiclayer\pgfcoregraphicstate.code.tex
File: pgfcoregraphicstate.code.tex 2025-08-29 v3.1.11a (3.1.11a)
\pgflinewidth=\dimen271
) (C:\Users\titou\AppData\Local\Programs\MiKTeX\tex/generic/pgf/basiclayer\pgfcoretransformations.code.tex
File: pgfcoretransformations.code.tex 2025-08-29 v3.1.11a (3.1.11a)
\pgf@pt@x=\dimen272
\pgf@pt@y=\dimen273
\pgf@pt@temp=\dimen274
) (C:\Users\titou\AppData\Local\Programs\MiKTeX\tex/generic/pgf/basiclayer\pgfcorequick.code.tex
File: pgfcorequick.code.tex 2025-08-29 v3.1.11a (3.1.11a)
) (C:\Users\titou\AppData\Local\Programs\MiKTeX\tex/generic/pgf/basiclayer\pgfcoreobjects.code.tex
File: pgfcoreobjects.code.tex 2025-08-29 v3.1.11a (3.1.11a)
) (C:\Users\titou\AppData\Local\Programs\MiKTeX\tex/generic/pgf/basiclayer\pgfcorepathprocessing.code.tex
File: pgfcorepathprocessing.code.tex 2025-08-29 v3.1.11a (3.1.11a)
) (C:\Users\titou\AppData\Local\Programs\MiKTeX\tex/generic/pgf/basiclayer\pgfcorearrows.code.tex
File: pgfcorearrows.code.tex 2025-08-29 v3.1.11a (3.1.11a)
\pgfarrowsep=\dimen275
) (C:\Users\titou\AppData\Local\Programs\MiKTeX\tex/generic/pgf/basiclayer\pgfcoreshade.code.tex
File: pgfcoreshade.code.tex 2025-08-29 v3.1.11a (3.1.11a)
\pgf@max=\dimen276
\pgf@sys@shading@range@num=\count319
\pgf@shadingcount=\count320
) (C:\Users\titou\AppData\Local\Programs\MiKTeX\tex/generic/pgf/basiclayer\pgfcoreimage.code.tex
File: pgfcoreimage.code.tex 2025-08-29 v3.1.11a (3.1.11a)
) (C:\Users\titou\AppData\Local\Programs\MiKTeX\tex/generic/pgf/basiclayer\pgfcoreexternal.code.tex
File: pgfcoreexternal.code.tex 2025-08-29 v3.1.11a (3.1.11a)
\pgfexternal@startupbox=\box69
) (C:\Users\titou\AppData\Local\Programs\MiKTeX\tex/generic/pgf/basiclayer\pgfcorelayers.code.tex
File: pgfcorelayers.code.tex 2025-08-29 v3.1.11a (3.1.11a)
) (C:\Users\titou\AppData\Local\Programs\MiKTeX\tex/generic/pgf/basiclayer\pgfcoretransparency.code.tex
File: pgfcoretransparency.code.tex 2025-08-29 v3.1.11a (3.1.11a)
) (C:\Users\titou\AppData\Local\Programs\MiKTeX\tex/generic/pgf/basiclayer\pgfcorepatterns.code.tex
File: pgfcorepatterns.code.tex 2025-08-29 v3.1.11a (3.1.11a)
) (C:\Users\titou\AppData\Local\Programs\MiKTeX\tex/generic/pgf/basiclayer\pgfcorerdf.code.tex
File: pgfcorerdf.code.tex 2025-08-29 v3.1.11a (3.1.11a)
))) (C:\Users\titou\AppData\Local\Programs\MiKTeX\tex/latex/pgf/utilities\xxcolor.sty
Package: xxcolor 2003/10/24 ver 0.1
\XC@nummixins=\count321
\XC@countmixins=\count322
) (C:\Users\titou\AppData\Local\Programs\MiKTeX\tex/latex/base\atbegshi-ltx.sty
Package: atbegshi-ltx 2021/01/10 v1.0c Emulation of the original atbegshi
package with kernel methods
) (C:\Users\titou\AppData\Local\Programs\MiKTeX\tex/latex/hyperref\hyperref.sty
Package: hyperref 2025-07-12 v7.01o Hypertext links for LaTeX
 (C:\Users\titou\AppData\Local\Programs\MiKTeX\tex/latex/kvsetkeys\kvsetkeys.sty
Package: kvsetkeys 2022-10-05 v1.19 Key value parser (HO)
) (C:\Users\titou\AppData\Local\Programs\MiKTeX\tex/generic/kvdefinekeys\kvdefinekeys.sty
Package: kvdefinekeys 2019-12-19 v1.6 Define keys (HO)
) (C:\Users\titou\AppData\Local\Programs\MiKTeX\tex/generic/pdfescape\pdfescape.sty
Package: pdfescape 2019/12/09 v1.15 Implements pdfTeX's escape features (HO)
 (C:\Users\titou\AppData\Local\Programs\MiKTeX\tex/generic/ltxcmds\ltxcmds.sty
Package: ltxcmds 2023-12-04 v1.26 LaTeX kernel commands for general use (HO)
) (C:\Users\titou\AppData\Local\Programs\MiKTeX\tex/generic/pdftexcmds\pdftexcmds.sty
Package: pdftexcmds 2020-06-27 v0.33 Utility functions of pdfTeX for LuaTeX (HO)
 (C:\Users\titou\AppData\Local\Programs\MiKTeX\tex/generic/infwarerr\infwarerr.sty
Package: infwarerr 2019/12/03 v1.5 Providing info/warning/error messages (HO)
)
Package pdftexcmds Info: \pdf@primitive is available.
Package pdftexcmds Info: \pdf@ifprimitive is available.
Package pdftexcmds Info: \pdfdraftmode found.
)) (C:\Users\titou\AppData\Local\Programs\MiKTeX\tex/latex/hycolor\hycolor.sty
Package: hycolor 2020-01-27 v1.10 Color options for hyperref/bookmark (HO)
) (C:\Users\titou\AppData\Local\Programs\MiKTeX\tex/latex/hyperref\nameref.sty
Package: nameref 2025-06-21 v2.57 Cross-referencing by name of section
 (C:\Users\titou\AppData\Local\Programs\MiKTeX\tex/latex/refcount\refcount.sty
Package: refcount 2019/12/15 v3.6 Data extraction from label references (HO)
) (C:\Users\titou\AppData\Local\Programs\MiKTeX\tex/generic/gettitlestring\gettitlestring.sty
Package: gettitlestring 2019/12/15 v1.6 Cleanup title references (HO)
 (C:\Users\titou\AppData\Local\Programs\MiKTeX\tex/latex/kvoptions\kvoptions.sty
Package: kvoptions 2022-06-15 v3.15 Key value format for package options (HO)
))
\c@section@level=\count323
) (C:\Users\titou\AppData\Local\Programs\MiKTeX\tex/generic/stringenc\stringenc.sty
Package: stringenc 2019/11/29 v1.12 Convert strings between diff. encodings (HO)
)
\@linkdim=\dimen277
\Hy@linkcounter=\count324
\Hy@pagecounter=\count325
 (C:\Users\titou\AppData\Local\Programs\MiKTeX\tex/latex/hyperref\pd1enc.def
File: pd1enc.def 2025-07-12 v7.01o Hyperref: PDFDocEncoding definition (HO)
Now handling font encoding PD1 ...
... no UTF-8 mapping file for font encoding PD1
) (C:\Users\titou\AppData\Local\Programs\MiKTeX\tex/generic/intcalc\intcalc.sty
Package: intcalc 2019/12/15 v1.3 Expandable calculations with integers (HO)
)
\Hy@SavedSpaceFactor=\count326
 (C:\Users\titou\AppData\Local\Programs\MiKTeX\tex/latex/hyperref\puenc.def
File: puenc.def 2025-07-12 v7.01o Hyperref: PDF Unicode definition (HO)
Now handling font encoding PU ...
... no UTF-8 mapping file for font encoding PU
)
Package hyperref Info: Option `bookmarks' set `true' on input line 4066.
Package hyperref Info: Option `bookmarksopen' set `true' on input line 4066.
Package hyperref Info: Option `implicit' set `false' on input line 4066.
Package hyperref Info: Hyper figures OFF on input line 4195.
Package hyperref Info: Link nesting OFF on input line 4200.
Package hyperref Info: Hyper index ON on input line 4203.
Package hyperref Info: Plain pages OFF on input line 4210.
Package hyperref Info: Backreferencing OFF on input line 4215.
Package hyperref Info: Implicit mode OFF; no redefinition of LaTeX internals.
Package hyperref Info: Bookmarks ON on input line 4462.
\c@Hy@tempcnt=\count327
 (C:\Users\titou\AppData\Local\Programs\MiKTeX\tex/latex/url\url.sty
\Urlmuskip=\muskip17
Package: url 2013/09/16  ver 3.4  Verb mode for urls, etc.
)
LaTeX Info: Redefining \url on input line 4801.
\XeTeXLinkMargin=\dimen278
 (C:\Users\titou\AppData\Local\Programs\MiKTeX\tex/generic/bitset\bitset.sty
Package: bitset 2019/12/09 v1.3 Handle bit-vector datatype (HO)
 (C:\Users\titou\AppData\Local\Programs\MiKTeX\tex/generic/bigintcalc\bigintcalc.sty
Package: bigintcalc 2019/12/15 v1.5 Expandable calculations on big integers (HO)
))
\Fld@menulength=\count328
\Field@Width=\dimen279
\Fld@charsize=\dimen280
Package hyperref Info: Hyper figures OFF on input line 6078.
Package hyperref Info: Link nesting OFF on input line 6083.
Package hyperref Info: Hyper index ON on input line 6086.
Package hyperref Info: backreferencing OFF on input line 6093.
Package hyperref Info: Link coloring OFF on input line 6098.
Package hyperref Info: Link coloring with OCG OFF on input line 6103.
Package hyperref Info: PDF/A mode OFF on input line 6108.
\Hy@abspage=\count329


Package hyperref Message: Stopped early.

)
Package hyperref Info: Driver (autodetected): hpdftex.
 (C:\Users\titou\AppData\Local\Programs\MiKTeX\tex/latex/hyperref\hpdftex.def
File: hpdftex.def 2025-07-12 v7.01o Hyperref driver for pdfTeX
\Fld@listcount=\count330
\c@bookmark@seq@number=\count331
 (C:\Users\titou\AppData\Local\Programs\MiKTeX\tex/latex/rerunfilecheck\rerunfilecheck.sty
Package: rerunfilecheck 2025-06-21 v1.11 Rerun checks for auxiliary files (HO)
 (C:\Users\titou\AppData\Local\Programs\MiKTeX\tex/generic/uniquecounter\uniquecounter.sty
Package: uniquecounter 2019/12/15 v1.4 Provide unlimited unique counter (HO)
)
Package uniquecounter Info: New unique counter `rerunfilecheck' on input line 284.
)) (C:\Users\titou\AppData\Local\Programs\MiKTeX\tex/latex/beamer\beamerbaserequires.sty (C:\Users\titou\AppData\Local\Programs\MiKTeX\tex/latex/beamer\beamerbasecompatibility.sty) (C:\Users\titou\AppData\Local\Programs\MiKTeX\tex/latex/beamer\beamerbasefont.sty (C:\Users\titou\AppData\Local\Programs\MiKTeX\tex/latex/amsfonts\amssymb.sty
Package: amssymb 2013/01/14 v3.01 AMS font symbols
 (C:\Users\titou\AppData\Local\Programs\MiKTeX\tex/latex/amsfonts\amsfonts.sty
Package: amsfonts 2013/01/14 v3.01 Basic AMSFonts support
\@emptytoks=\toks31
\symAMSa=\mathgroup4
\symAMSb=\mathgroup5
LaTeX Font Info:    Redeclaring math symbol \hbar on input line 98.
LaTeX Font Info:    Overwriting math alphabet `\mathfrak' in version `bold'
(Font)                  U/euf/m/n --> U/euf/b/n on input line 106.
)) (C:\Users\titou\AppData\Local\Programs\MiKTeX\tex/latex/sansmathaccent\sansmathaccent.sty
Package: sansmathaccent 2020/01/31
 (C:\Users\titou\AppData\Local\Programs\MiKTeX\tex/latex/koma-script\scrlfile.sty
Package: scrlfile 2025/12/01 v3.49 KOMA-Script package (file load hooks)
 (C:\Users\titou\AppData\Local\Programs\MiKTeX\tex/latex/koma-script\scrlfile-hook.sty
Package: scrlfile-hook 2025/12/01 v3.49 KOMA-Script package (using LaTeX hooks)
 (C:\Users\titou\AppData\Local\Programs\MiKTeX\tex/latex/koma-script\scrlogo.sty
Package: scrlogo 2025/12/01 v3.49 KOMA-Script package (logo)
))))) (C:\Users\titou\AppData\Local\Programs\MiKTeX\tex/latex/beamer\beamerbasetranslator.sty (C:\Users\titou\AppData\Local\Programs\MiKTeX\tex/latex/translator\translator.sty
Package: translator 2021-05-31 v1.12d Easy translation of strings in LaTeX
)) (C:\Users\titou\AppData\Local\Programs\MiKTeX\tex/latex/beamer\beamerbasemisc.sty) (C:\Users\titou\AppData\Local\Programs\MiKTeX\tex/latex/beamer\beamerbasetwoscreens.sty) (C:\Users\titou\AppData\Local\Programs\MiKTeX\tex/latex/beamer\beamerbaseoverlay.sty
\beamer@argscount=\count332
\beamer@lastskipcover=\skip55
\beamer@trivlistdepth=\count333
) (C:\Users\titou\AppData\Local\Programs\MiKTeX\tex/latex/beamer\beamerbasetitle.sty) (C:\Users\titou\AppData\Local\Programs\MiKTeX\tex/latex/beamer\beamerbasesection.sty
\c@lecture=\count334
\c@part=\count335
\c@section=\count336
\c@subsection=\count337
\c@subsubsection=\count338
) (C:\Users\titou\AppData\Local\Programs\MiKTeX\tex/latex/beamer\beamerbaseframe.sty
\beamer@framebox=\box70
\beamer@frametitlebox=\box71
\beamer@zoombox=\box72
\beamer@zoomcount=\count339
\beamer@zoomframecount=\count340
\beamer@frametextheight=\dimen281
\c@subsectionslide=\count341
\beamer@frametopskip=\skip56
\beamer@framebottomskip=\skip57
\beamer@frametopskipautobreak=\skip58
\beamer@framebottomskipautobreak=\skip59
\beamer@envbody=\toks32
\framewidth=\dimen282
\c@framenumber=\count342
) (C:\Users\titou\AppData\Local\Programs\MiKTeX\tex/latex/beamer\beamerbaseverbatim.sty
\beamer@verbatimfileout=\write4
) (C:\Users\titou\AppData\Local\Programs\MiKTeX\tex/latex/beamer\beamerbaseframesize.sty
\beamer@splitbox=\box73
\beamer@autobreakcount=\count343
\beamer@autobreaklastheight=\dimen283
\beamer@frametitletoks=\toks33
\beamer@framesubtitletoks=\toks34
) (C:\Users\titou\AppData\Local\Programs\MiKTeX\tex/latex/beamer\beamerbaseframecomponents.sty
\beamer@colheight=\skip60
\beamer@footins=\box74
) (C:\Users\titou\AppData\Local\Programs\MiKTeX\tex/latex/beamer\beamerbasecolor.sty) (C:\Users\titou\AppData\Local\Programs\MiKTeX\tex/latex/beamer\beamerbasenotes.sty
\beamer@frameboxcopy=\box75
) (C:\Users\titou\AppData\Local\Programs\MiKTeX\tex/latex/beamer\beamerbasetoc.sty) (C:\Users\titou\AppData\Local\Programs\MiKTeX\tex/latex/beamer\beamerbasetemplates.sty
\beamer@sbttoks=\toks35
 (C:\Users\titou\AppData\Local\Programs\MiKTeX\tex/latex/beamer\beamerbaseauxtemplates.sty (C:\Users\titou\AppData\Local\Programs\MiKTeX\tex/latex/beamer\beamerbaseboxes.sty
\bmb@box=\box76
\bmb@colorbox=\box77
\bmb@boxwidth=\dimen284
\bmb@boxheight=\dimen285
\bmb@prevheight=\dimen286
\bmb@temp=\dimen287
\bmb@dima=\dimen288
\bmb@dimb=\dimen289
\bmb@prevheight=\dimen290
)
\beamer@blockheadheight=\dimen291
)) (C:\Users\titou\AppData\Local\Programs\MiKTeX\tex/latex/beamer\beamerbaselocalstructure.sty (C:\Users\titou\AppData\Local\Programs\MiKTeX\tex/latex/tools\enumerate.sty
Package: enumerate 2023/07/04 v3.00 enumerate extensions (DPC)
\@enLab=\toks36
)
\beamer@bibiconwidth=\skip61
\c@figure=\count344
\c@table=\count345
\abovecaptionskip=\skip62
\belowcaptionskip=\skip63
) (C:\Users\titou\AppData\Local\Programs\MiKTeX\tex/latex/beamer\beamerbasenavigation.sty (C:\Users\titou\AppData\Local\Programs\MiKTeX\tex/latex/beamer\beamerbasenavigationsymbols.tex)
\beamer@section@min@dim=\dimen292
) (C:\Users\titou\AppData\Local\Programs\MiKTeX\tex/latex/beamer\beamerbasetheorems.sty (C:\Users\titou\AppData\Local\Programs\MiKTeX\tex/latex/amsmath\amsmath.sty
Package: amsmath 2025/07/09 v2.17z AMS math features
\@mathmargin=\skip64

For additional information on amsmath, use the `?' option.
(C:\Users\titou\AppData\Local\Programs\MiKTeX\tex/latex/amsmath\amstext.sty
Package: amstext 2024/11/17 v2.01 AMS text
 (C:\Users\titou\AppData\Local\Programs\MiKTeX\tex/latex/amsmath\amsgen.sty
File: amsgen.sty 1999/11/30 v2.0 generic functions
\@emptytoks=\toks37
\ex@=\dimen293
)) (C:\Users\titou\AppData\Local\Programs\MiKTeX\tex/latex/amsmath\amsbsy.sty
Package: amsbsy 1999/11/29 v1.2d Bold Symbols
\pmbraise@=\dimen294
) (C:\Users\titou\AppData\Local\Programs\MiKTeX\tex/latex/amsmath\amsopn.sty
Package: amsopn 2022/04/08 v2.04 operator names
)
\inf@bad=\count346
LaTeX Info: Redefining \frac on input line 233.
\uproot@=\count347
\leftroot@=\count348
LaTeX Info: Redefining \overline on input line 398.
LaTeX Info: Redefining \colon on input line 409.
\classnum@=\count349
\DOTSCASE@=\count350
LaTeX Info: Redefining \ldots on input line 495.
LaTeX Info: Redefining \dots on input line 498.
LaTeX Info: Redefining \cdots on input line 619.
\Mathstrutbox@=\box78
\strutbox@=\box79
LaTeX Info: Redefining \big on input line 721.
LaTeX Info: Redefining \Big on input line 722.
LaTeX Info: Redefining \bigg on input line 723.
LaTeX Info: Redefining \Bigg on input line 724.
\big@size=\dimen295
LaTeX Font Info:    Redeclaring font encoding OML on input line 742.
LaTeX Font Info:    Redeclaring font encoding OMS on input line 743.
\macc@depth=\count351
LaTeX Info: Redefining \bmod on input line 904.
LaTeX Info: Redefining \pmod on input line 909.
LaTeX Info: Redefining \smash on input line 939.
LaTeX Info: Redefining \relbar on input line 969.
LaTeX Info: Redefining \Relbar on input line 970.
\c@MaxMatrixCols=\count352
\dotsspace@=\muskip18
\c@parentequation=\count353
\dspbrk@lvl=\count354
\tag@help=\toks38
\row@=\count355
\column@=\count356
\maxfields@=\count357
\andhelp@=\toks39
\eqnshift@=\dimen296
\alignsep@=\dimen297
\tagshift@=\dimen298
\tagwidth@=\dimen299
\totwidth@=\dimen300
\lineht@=\dimen301
\@envbody=\toks40
\multlinegap=\skip65
\multlinetaggap=\skip66
\mathdisplay@stack=\toks41
LaTeX Info: Redefining \[ on input line 2950.
LaTeX Info: Redefining \] on input line 2951.
) (C:\Users\titou\AppData\Local\Programs\MiKTeX\tex/latex/amscls\amsthm.sty
Package: amsthm 2020/05/29 v2.20.6
\thm@style=\toks42
\thm@bodyfont=\toks43
\thm@headfont=\toks44
\thm@notefont=\toks45
\thm@headpunct=\toks46
\thm@preskip=\skip67
\thm@postskip=\skip68
\thm@headsep=\skip69
\dth@everypar=\toks47
)
\c@theorem=\count358
) (C:\Users\titou\AppData\Local\Programs\MiKTeX\tex/latex/beamer\beamerbasethemes.sty)) (C:\Users\titou\AppData\Local\Programs\MiKTeX\tex/latex/beamer\beamerthemedefault.sty (C:\Users\titou\AppData\Local\Programs\MiKTeX\tex/latex/beamer\beamerfontthemedefault.sty) (C:\Users\titou\AppData\Local\Programs\MiKTeX\tex/latex/beamer\beamercolorthemedefault.sty) (C:\Users\titou\AppData\Local\Programs\MiKTeX\tex/latex/beamer\beamerinnerthemedefault.sty
\beamer@dima=\dimen302
\beamer@dimb=\dimen303
) (C:\Users\titou\AppData\Local\Programs\MiKTeX\tex/latex/beamer\beamerouterthemedefault.sty))) (C:\Users\titou\AppData\Local\Programs\MiKTeX\tex/generic/babel\babel.sty
Package: babel 2025/12/11 v25.17 The multilingual framework for LuaLaTeX, pdfLaTeX and XeLaTeX
\babel@savecnt=\count359
LaTeX Encoding Info:    Redeclaring text command \ij (encoding OT1) on input line 2068.
LaTeX Encoding Info:    Redeclaring text command \IJ (encoding OT1) on input line 2070.
LaTeX Encoding Info:    Redeclaring text command \ij (encoding T1) on input line 2072.
LaTeX Encoding Info:    Redeclaring text command \IJ (encoding T1) on input line 2073.
LaTeX Encoding Info:    Ignoring declaration for text command \ij (encoding ?) on input line 2074.
LaTeX Encoding Info:    Ignoring declaration for text command \IJ (encoding ?) on input line 2076.
LaTeX Encoding Info:    Ignoring declaration for text command \SS (encoding ?) on input line 2101.
\U@D=\dimen304
\l@unhyphenated=\language79
 (C:\Users\titou\AppData\Local\Programs\MiKTeX\tex/generic/babel\txtbabel.def)
\bbl@readstream=\read3
LaTeX Info: Redefining \textlatin on input line 3963.
\bbl@dirlevel=\count360
Package babel Info: Configuration files are deprecated, as
(babel)             they can break document portability.
(babel)             Reported on input line 4196.

*************************************
* Local config file bblopts.cfg used
*
(C:\Users\titou\AppData\Local\Programs\MiKTeX\tex/latex/arabi\bblopts.cfg
File: bblopts.cfg 2005/09/08 v0.1 add Arabic and Farsi to "declared" options of babel
) (C:\Users\titou\AppData\Local\Programs\MiKTeX\tex/generic/babel/locale/en\babel-english.tex)
Package babel Info: Importing font and identification data for english
(babel)             from babel-en.ini. Reported on input line 4320.
 (C:\Users\titou\AppData\Local\Programs\MiKTeX\tex/latex/babel-english\english.ldf
Language: english 2017/06/06 v3.3r English support from the babel system
Package babel Info: Hyphen rules for 'canadian' set to \l@english
(babel)             (\language0). Reported on input line 102.
Package babel Info: Hyphen rules for 'australian' set to \l@ukenglish
(babel)             (\language73). Reported on input line 105.
Package babel Info: Hyphen rules for 'newzealand' set to \l@ukenglish
(babel)             (\language73). Reported on input line 108.
)) (C:\Users\titou\AppData\Local\Programs\MiKTeX\tex/latex/base\inputenc.sty
Package: inputenc 2024/02/08 v1.3d Input encoding file
\inpenc@prehook=\toks48
\inpenc@posthook=\toks49
) (C:\Users\titou\AppData\Local\Programs\MiKTeX\tex/latex/base\fontenc.sty
Package: fontenc 2025/07/18 v2.1d Standard LaTeX package
) (C:\Users\titou\AppData\Local\Programs\MiKTeX\tex/latex/datetime\datetime.sty
Package: datetime 2015/03/20 v2.60 Date Time Package
 (C:\Users\titou\AppData\Local\Programs\MiKTeX\tex/latex/fmtcount\fmtcount.sty
Package: fmtcount 2025/12/02 v3.12 Displaying the values of LaTeX counters (NT,VB,NE)
 (C:\Users\titou\AppData\Local\Programs\MiKTeX\tex/latex/base\ifthen.sty
Package: ifthen 2024/03/16 v1.1e Standard LaTeX ifthen package (DPC)
) (C:\Users\titou\AppData\Local\Programs\MiKTeX\tex/latex/xkeyval\xkeyval.sty
Package: xkeyval 2022/06/16 v2.9 package option processing (HA)
 (C:\Users\titou\AppData\Local\Programs\MiKTeX\tex/generic/xkeyval\xkeyval.tex (C:\Users\titou\AppData\Local\Programs\MiKTeX\tex/generic/xkeyval\xkvutils.tex
\XKV@toks=\toks50
\XKV@tempa@toks=\toks51
)
\XKV@depth=\count361
File: xkeyval.tex 2014/12/03 v2.7a key=value parser (HA)
)) (C:\Users\titou\AppData\Local\Programs\MiKTeX\tex/latex/fmtcount\fcprefix.sty
Package: fcprefix 2012/09/28
 (C:\Users\titou\AppData\Local\Programs\MiKTeX\tex/latex/fmtcount\fcnumparser.sty
Package: fcnumparser 2017/06/15
\fc@digit@counter=\count362
))
\c@padzeroesN=\count363
\fc@tmpcatcode=\count364
 (C:\Users\titou\AppData\Local\Programs\MiKTeX\tex/latex/fmtcount\fc-english.def
File: fc-english.def 2016/01/12
)
\@DT@modctr=\count365
\@ordinalctr=\count366
\@orgargctr=\count367
\@strctr=\count368
\@tmpstrctr=\count369
\@DT@loopN=\count370
\@DT@X=\count371
) (C:\Users\titou\AppData\Local\Programs\MiKTeX\tex/latex/datetime\datetime-defaults.sty
Package: datetime-defaults 2013/09/10
)
\@day=\count372
\@month=\count373
\@year=\count374
\c@HOUR=\count375
\c@HOURXII=\count376
\c@MINUTE=\count377
\c@TOHOUR=\count378
\c@TOMINUTE=\count379
\c@SECOND=\count380
\currenthour=\count381
\currentminute=\count382
\currentsecond=\count383
Package datetime Info: No datetime.cfg file found, using default settings on input line 308.
\@dtctr=\count384
\dayofyear=\count385
\dayofweek=\count386
LaTeX Info: Redefining \today on input line 736.
\dt@a=\toks52
\dt@b=\toks53
) (C:\Users\titou\AppData\Local\Programs\MiKTeX\tex/latex/tools\multicol.sty
Package: multicol 2025/10/21 v2.0b multicolumn formatting (FMi)
\c@tracingmulticols=\count387
\mult@box=\box80
\multicol@leftmargin=\dimen305
\c@unbalance=\count388
\c@collectmore=\count389
\doublecol@number=\count390
\multicoltolerance=\count391
\multicolpretolerance=\count392
\full@width=\dimen306
\page@free=\dimen307
\premulticols=\dimen308
\postmulticols=\dimen309
\multicolsep=\skip70
\multicolbaselineskip=\skip71
\partial@page=\box81
\last@line=\box82
\mc@boxedresult=\box83
\maxbalancingoverflow=\dimen310
\mult@rightbox=\box84
\mult@grightbox=\box85
\mult@firstbox=\box86
\mult@gfirstbox=\box87
\@tempa=\box88
\@tempa=\box89
\@tempa=\box90
\@tempa=\box91
\@tempa=\box92
\@tempa=\box93
\@tempa=\box94
\@tempa=\box95
\@tempa=\box96
\@tempa=\box97
\@tempa=\box98
\@tempa=\box99
\@tempa=\box100
\@tempa=\box101
\@tempa=\box102
\@tempa=\box103
\@tempa=\box104
\@tempa=\box105
\@tempa=\box106
\@tempa=\box107
\@tempa=\box108
\@tempa=\box109
\@tempa=\box110
\@tempa=\box111
\@tempa=\box112
\@tempa=\box113
\@tempa=\box114
\@tempa=\box115
\@tempa=\box116
\@tempa=\box117
\@tempa=\box118
\@tempa=\box119
\@tempa=\box120
\@tempa=\box121
\@tempa=\box122
\@tempa=\box123
\c@minrows=\count393
\c@columnbadness=\count394
\c@finalcolumnbadness=\count395
\last@try=\dimen311
\multicolovershoot=\dimen312
\multicolundershoot=\dimen313
\mult@nat@firstbox=\box124
\colbreak@box=\box125
\mc@col@check@num=\count396
\g__mc_curr_col_int=\count397
) (beamerthemesorbonne.sty
Package: beamerthemesorbonne 2018/03/22
 (C:\Users\titou\AppData\Local\Programs\MiKTeX\tex/latex/eso-pic\eso-pic.sty
Package: eso-pic 2025/12/10 v3.0d eso-pic (RN)
\ESO@tempdima=\dimen314
\ESO@tempdimb=\dimen315
) (C:\Users\titou\AppData\Local\Programs\MiKTeX\tex/latex/pgf/frontendlayer\tikz.sty (C:\Users\titou\AppData\Local\Programs\MiKTeX\tex/latex/pgf/basiclayer\pgf.sty
Package: pgf 2025-08-29 v3.1.11a (3.1.11a)
 (C:\Users\titou\AppData\Local\Programs\MiKTeX\tex/generic/pgf/modules\pgfmoduleshapes.code.tex
File: pgfmoduleshapes.code.tex 2025-08-29 v3.1.11a (3.1.11a)
\pgfnodeparttextbox=\box126
) (C:\Users\titou\AppData\Local\Programs\MiKTeX\tex/generic/pgf/modules\pgfmoduleplot.code.tex
File: pgfmoduleplot.code.tex 2025-08-29 v3.1.11a (3.1.11a)
) (C:\Users\titou\AppData\Local\Programs\MiKTeX\tex/latex/pgf/compatibility\pgfcomp-version-0-65.sty
Package: pgfcomp-version-0-65 2025-08-29 v3.1.11a (3.1.11a)
\pgf@nodesepstart=\dimen316
\pgf@nodesepend=\dimen317
) (C:\Users\titou\AppData\Local\Programs\MiKTeX\tex/latex/pgf/compatibility\pgfcomp-version-1-18.sty
Package: pgfcomp-version-1-18 2025-08-29 v3.1.11a (3.1.11a)
)) (C:\Users\titou\AppData\Local\Programs\MiKTeX\tex/latex/pgf/utilities\pgffor.sty (C:\Users\titou\AppData\Local\Programs\MiKTeX\tex/generic/pgf/utilities\pgffor.code.tex
Package: pgffor 2025-08-29 v3.1.11a (3.1.11a)
\pgffor@iter=\dimen318
\pgffor@skip=\dimen319
\pgffor@stack=\toks54
\pgffor@toks=\toks55
)) (C:\Users\titou\AppData\Local\Programs\MiKTeX\tex/generic/pgf/frontendlayer/tikz\tikz.code.tex
Package: tikz 2025-08-29 v3.1.11a (3.1.11a)
 (C:\Users\titou\AppData\Local\Programs\MiKTeX\tex/generic/pgf/libraries\pgflibraryplothandlers.code.tex
File: pgflibraryplothandlers.code.tex 2025-08-29 v3.1.11a (3.1.11a)
\pgf@plot@mark@count=\count398
\pgfplotmarksize=\dimen320
)
\tikz@lastx=\dimen321
\tikz@lasty=\dimen322
\tikz@lastxsaved=\dimen323
\tikz@lastysaved=\dimen324
\tikz@lastmovetox=\dimen325
\tikz@lastmovetoy=\dimen326
\tikzleveldistance=\dimen327
\tikzsiblingdistance=\dimen328
\tikz@figbox=\box127
\tikz@figbox@bg=\box128
\tikz@tempbox=\box129
\tikz@tempbox@bg=\box130
\tikztreelevel=\count399
\tikznumberofchildren=\count400
\tikznumberofcurrentchild=\count401
\tikz@fig@count=\count402
 (C:\Users\titou\AppData\Local\Programs\MiKTeX\tex/generic/pgf/modules\pgfmodulematrix.code.tex
File: pgfmodulematrix.code.tex 2025-08-29 v3.1.11a (3.1.11a)
\pgfmatrixcurrentrow=\count403
\pgfmatrixcurrentcolumn=\count404
\pgf@matrix@numberofcolumns=\count405
)
\tikz@expandcount=\count406
 (C:\Users\titou\AppData\Local\Programs\MiKTeX\tex/generic/pgf/frontendlayer/tikz/libraries\tikzlibrarytopaths.code.tex
File: tikzlibrarytopaths.code.tex 2025-08-29 v3.1.11a (3.1.11a)
))) (C:\Users\titou\AppData\Local\Programs\MiKTeX\tex/latex/pdfpages\pdfpages.sty
Package: pdfpages 2025/07/23 v0.6g Insert pages of external PDF documents (AM)
 (C:\Users\titou\AppData\Local\Programs\MiKTeX\tex/latex/tools\calc.sty
Package: calc 2025/03/01 v4.3b Infix arithmetic (KKT,FJ)
\calc@Acount=\count407
\calc@Bcount=\count408
\calc@Adimen=\dimen329
\calc@Bdimen=\dimen330
\calc@Askip=\skip72
\calc@Bskip=\skip73
LaTeX Info: Redefining \setlength on input line 86.
LaTeX Info: Redefining \addtolength on input line 87.
\calc@Ccount=\count409
\calc@Cskip=\skip74
)
\AM@pagewidth=\dimen331
\AM@pageheight=\dimen332
\AM@fboxrule=\dimen333
 (C:\Users\titou\AppData\Local\Programs\MiKTeX\tex/latex/pdfpages\pppdftex.def
File: pppdftex.def 2025/07/23 v0.6g Pdfpages driver for pdfTeX (AM)
)
\pdfpages@includegraphics@status=\count410
\AM@pagebox=\box131
\AM@global@opts=\toks56
\AM@pagecnt=\count411
\AM@toc@title=\toks57
\AM@lof@heading=\toks58
\c@AM@survey=\count412
\AM@templatesizebox=\box132
) (C:\Users\titou\AppData\Local\Programs\MiKTeX\tex/latex/pbox\pbox.sty
Package: pbox 2011/12/07 v1.2 Dynamic parboxes
\pb@xlen=\skip75
) (C:\Users\titou\AppData\Local\Programs\MiKTeX\tex/latex/beamer\beamerouterthememiniframes.sty) (C:\Users\titou\AppData\Local\Programs\MiKTeX\tex/latex/beamer\beamerinnerthemerectangles.sty)) (C:\Users\titou\AppData\Local\Programs\MiKTeX\tex/latex/biblatex\biblatex.sty
Package: biblatex 2025/07/10 v3.21 programmable bibliographies (PK/MW)
 (C:\Users\titou\AppData\Local\Programs\MiKTeX\tex/latex/logreq\logreq.sty
Package: logreq 2010/08/04 v1.0 xml request logger
\lrq@indent=\count413
 (C:\Users\titou\AppData\Local\Programs\MiKTeX\tex/latex/logreq\logreq.def
File: logreq.def 2010/08/04 v1.0 logreq spec v1.0
))
\c@tabx@nest=\count414
\c@listtotal=\count415
\c@listcount=\count416
\c@liststart=\count417
\c@liststop=\count418
\c@citecount=\count419
\c@citetotal=\count420
\c@multicitecount=\count421
\c@multicitetotal=\count422
\c@instcount=\count423
\c@maxnames=\count424
\c@minnames=\count425
\c@maxitems=\count426
\c@minitems=\count427
\c@citecounter=\count428
\c@maxcitecounter=\count429
\c@savedcitecounter=\count430
\c@uniquelist=\count431
\c@uniquename=\count432
\c@refsection=\count433
\c@refsegment=\count434
\c@maxextratitle=\count435
\c@maxextratitleyear=\count436
\c@maxextraname=\count437
\c@maxextradate=\count438
\c@maxextraalpha=\count439
\c@abbrvpenalty=\count440
\c@highnamepenalty=\count441
\c@lownamepenalty=\count442
\c@maxparens=\count443
\c@parenlevel=\count444
\blx@tempcnta=\count445
\blx@tempcntb=\count446
\blx@tempcntc=\count447
\c@blx@maxsection=\count448
\blx@maxsegment@0=\count449
\blx@notetype=\count450
\blx@parenlevel@text=\count451
\blx@parenlevel@foot=\count452
\blx@sectionciteorder@0=\count453
\blx@sectionciteorderinternal@0=\count454
\blx@entrysetcounter=\count455
\blx@biblioinstance=\count456
\labelnumberwidth=\skip76
\labelalphawidth=\skip77
\biblabelsep=\skip78
\bibitemsep=\skip79
\bibnamesep=\skip80
\bibinitsep=\skip81
\bibparsep=\skip82
\bibhang=\skip83
\blx@bcfin=\read4
\blx@bcfout=\write5
\blx@langwohyphens=\language80
\c@mincomprange=\count457
\c@maxcomprange=\count458
\c@mincompwidth=\count459
Package biblatex Info: Trying to load biblatex default data model...
Package biblatex Info: ... file 'blx-dm.def' found.
 (C:\Users\titou\AppData\Local\Programs\MiKTeX\tex/latex/biblatex\blx-dm.def
File: blx-dm.def 2025/07/10 v3.21 biblatex datamodel (PK/MW)
)
Package biblatex Info: Trying to load biblatex style data model...
Package biblatex Info: ... file 'authoryear.dbx' not found.
Package biblatex Info: Trying to load biblatex custom data model...
Package biblatex Info: ... file 'biblatex-dm.cfg' not found.
\c@afterword=\count460
\c@savedafterword=\count461
\c@annotator=\count462
\c@savedannotator=\count463
\c@author=\count464
\c@savedauthor=\count465
\c@bookauthor=\count466
\c@savedbookauthor=\count467
\c@commentator=\count468
\c@savedcommentator=\count469
\c@editor=\count470
\c@savededitor=\count471
\c@editora=\count472
\c@savededitora=\count473
\c@editorb=\count474
\c@savededitorb=\count475
\c@editorc=\count476
\c@savededitorc=\count477
\c@foreword=\count478
\c@savedforeword=\count479
\c@holder=\count480
\c@savedholder=\count481
\c@introduction=\count482
\c@savedintroduction=\count483
\c@namea=\count484
\c@savednamea=\count485
\c@nameb=\count486
\c@savednameb=\count487
\c@namec=\count488
\c@savednamec=\count489
\c@translator=\count490
\c@savedtranslator=\count491
\c@shortauthor=\count492
\c@savedshortauthor=\count493
\c@shorteditor=\count494
\c@savedshorteditor=\count495
\c@labelname=\count496
\c@savedlabelname=\count497
\c@institution=\count498
\c@savedinstitution=\count499
\c@lista=\count500
\c@savedlista=\count501
\c@listb=\count502
\c@savedlistb=\count503
\c@listc=\count504
\c@savedlistc=\count505
\c@listd=\count506
\c@savedlistd=\count507
\c@liste=\count508
\c@savedliste=\count509
\c@listf=\count510
\c@savedlistf=\count511
\c@location=\count512
\c@savedlocation=\count513
\c@organization=\count514
\c@savedorganization=\count515
\c@origlocation=\count516
\c@savedoriglocation=\count517
\c@origpublisher=\count518
\c@savedorigpublisher=\count519
\c@publisher=\count520
\c@savedpublisher=\count521
\c@language=\count522
\c@savedlanguage=\count523
\c@origlanguage=\count524
\c@savedoriglanguage=\count525
\c@pageref=\count526
\c@savedpageref=\count527
\shorthandwidth=\skip84
\shortjournalwidth=\skip85
\shortserieswidth=\skip86
\shorttitlewidth=\skip87
\shortauthorwidth=\skip88
\shorteditorwidth=\skip89
\locallabelnumberwidth=\skip90
\locallabelalphawidth=\skip91
\localshorthandwidth=\skip92
\localshortjournalwidth=\skip93
\localshortserieswidth=\skip94
\localshorttitlewidth=\skip95
\localshortauthorwidth=\skip96
\localshorteditorwidth=\skip97
Package biblatex Info: Trying to load compatibility code...
Package biblatex Info: ... file 'blx-compat.def' found.
 (C:\Users\titou\AppData\Local\Programs\MiKTeX\tex/latex/biblatex\blx-compat.def
File: blx-compat.def 2025/07/10 v3.21 biblatex compatibility (PK/MW)
)
Package biblatex Info: Trying to load BibTeX backend compatibility...
Package biblatex Info: ... file 'blx-bibtex.def' found.
 (C:\Users\titou\AppData\Local\Programs\MiKTeX\tex/latex/biblatex\blx-bibtex.def
File: blx-bibtex.def 2025/07/10 v3.21 biblatex compatibility (PK/MW)


Package biblatex Warning: Using fall-back bibtex backend:
(biblatex)                functionality may be reduced/unavailable.

)
Package biblatex Info: Trying to load generic definitions...
Package biblatex Info: ... file 'biblatex.def' found.
 (C:\Users\titou\AppData\Local\Programs\MiKTeX\tex/latex/biblatex\biblatex.def
File: biblatex.def 2025/07/10 v3.21 biblatex compatibility (PK/MW)
\c@textcitecount=\count528
\c@textcitetotal=\count529
\c@textcitemaxnames=\count530
\c@biburlbigbreakpenalty=\count531
\c@biburlbreakpenalty=\count532
\c@biburlnumpenalty=\count533
\c@biburlucpenalty=\count534
\c@biburllcpenalty=\count535
\biburlbigskip=\muskip19
\biburlnumskip=\muskip20
\biburlucskip=\muskip21
\biburllcskip=\muskip22
\c@smartand=\count536
)
Package biblatex Info: Trying to load bibliography style 'authoryear'...
Package biblatex Info: ... file 'authoryear.bbx' found.
 (C:\Users\titou\AppData\Local\Programs\MiKTeX\tex/latex/biblatex/bbx\authoryear.bbx
File: authoryear.bbx 2025/07/10 v3.21 biblatex bibliography style (PK/MW)
Package biblatex Info: Trying to load bibliography style 'standard'...
Package biblatex Info: ... file 'standard.bbx' found.
 (C:\Users\titou\AppData\Local\Programs\MiKTeX\tex/latex/biblatex/bbx\standard.bbx
File: standard.bbx 2025/07/10 v3.21 biblatex bibliography style (PK/MW)
\c@bbx:relatedcount=\count537
\c@bbx:relatedtotal=\count538
))
Package biblatex Info: Trying to load citation style 'authoryear'...
Package biblatex Info: ... file 'authoryear.cbx' found.
 (C:\Users\titou\AppData\Local\Programs\MiKTeX\tex/latex/biblatex/cbx\authoryear.cbx
File: authoryear.cbx 2025/07/10 v3.21 biblatex citation style (PK/MW)
Package biblatex Info: Redefining '\cite'.
Package biblatex Info: Redefining '\parencite'.
Package biblatex Info: Redefining '\footcite'.
Package biblatex Info: Redefining '\footcitetext'.
Package biblatex Info: Redefining '\smartcite'.
Package biblatex Info: Redefining '\textcite'.
Package biblatex Info: Redefining '\textcites'.
)
Package biblatex Info: Trying to load configuration file...
Package biblatex Info: ... file 'biblatex.cfg' found.
 (C:\Users\titou\AppData\Local\Programs\MiKTeX\tex/latex/biblatex\biblatex.cfg
File: biblatex.cfg 
)
Package biblatex Info: Input encoding 'utf8' detected.
Package biblatex Info: Document encoding is UTF8 ....
 (C:\Users\titou\AppData\Local\Programs\MiKTeX\tex/latex/l3kernel\expl3.sty
Package: expl3 2025-12-24 L3 programming layer (loader) 
 (C:\Users\titou\AppData\Local\Programs\MiKTeX\tex/latex/l3backend\l3backend-pdftex.def
File: l3backend-pdftex.def 2025-10-09 L3 backend support: PDF output (pdfTeX)
\l__color_backend_stack_int=\count539
))
Package biblatex Info: ... and expl3
(biblatex)             2025-12-24 L3 programming layer (loader) 
(biblatex)             is new enough (at least 2020/04/06),
(biblatex)             setting 'casechanger=expl3'.
 (C:\Users\titou\AppData\Local\Programs\MiKTeX\tex/latex/biblatex\blx-case-expl3.sty (C:\Users\titou\AppData\Local\Programs\MiKTeX\tex/latex/l3packages/xparse\xparse.sty
Package: xparse 2025-10-09 L3 Experimental document command parser
)
Package: blx-case-expl3 2025/07/10 v3.21 expl3 case changing code for biblatex
))

Package biblatex Warning: 'babel/polyglossia' detected but 'csquotes' missing.
(biblatex)                Loading 'csquotes' recommended.

\@quotelevel=\count540
\@quotereset=\count541
(main.aux)
\openout1 = `main.aux'.

LaTeX Font Info:    Checking defaults for OML/cmm/m/it on input line 35.
LaTeX Font Info:    ... okay on input line 35.
LaTeX Font Info:    Checking defaults for OMS/cmsy/m/n on input line 35.
LaTeX Font Info:    ... okay on input line 35.
LaTeX Font Info:    Checking defaults for OT1/cmr/m/n on input line 35.
LaTeX Font Info:    ... okay on input line 35.
LaTeX Font Info:    Checking defaults for T1/cmr/m/n on input line 35.
LaTeX Font Info:    ... okay on input line 35.
LaTeX Font Info:    Checking defaults for TS1/cmr/m/n on input line 35.
LaTeX Font Info:    ... okay on input line 35.
LaTeX Font Info:    Checking defaults for OMX/cmex/m/n on input line 35.
LaTeX Font Info:    ... okay on input line 35.
LaTeX Font Info:    Checking defaults for U/cmr/m/n on input line 35.
LaTeX Font Info:    ... okay on input line 35.
LaTeX Font Info:    Checking defaults for PD1/pdf/m/n on input line 35.
LaTeX Font Info:    ... okay on input line 35.
LaTeX Font Info:    Checking defaults for PU/pdf/m/n on input line 35.
LaTeX Font Info:    ... okay on input line 35.

*geometry* driver: auto-detecting
*geometry* detected driver: pdftex
*geometry* verbose mode - [ preamble ] result:
* driver: pdftex
* paper: custom
* layout: <same size as paper>
* layoutoffset:(h,v)=(0.0pt,0.0pt)
* modes: includehead includefoot 
* h-part:(L,W,R)=(28.45274pt, 307.28987pt, 28.45274pt)
* v-part:(T,H,B)=(0.0pt, 273.14662pt, 0.0pt)
* \paperwidth=364.19536pt
* \paperheight=273.14662pt
* \textwidth=307.28987pt
* \textheight=244.6939pt
* \oddsidemargin=-43.81725pt
* \evensidemargin=-43.81725pt
* \topmargin=-72.26999pt
* \headheight=14.22636pt
* \headsep=0.0pt
* \topskip=11.0pt
* \footskip=14.22636pt
* \marginparwidth=4.0pt
* \marginparsep=10.0pt
* \columnsep=10.0pt
* \skip\footins=10.0pt plus 4.0pt minus 2.0pt
* \hoffset=0.0pt
* \voffset=0.0pt
* \mag=1000
* \@twocolumnfalse
* \@twosidefalse
* \@mparswitchfalse
* \@reversemarginfalse
* (1in=72.27pt=25.4mm, 1cm=28.453pt)

(C:\Users\titou\AppData\Local\Programs\MiKTeX\tex/context/base/mkii\supp-pdf.mkii
[Loading MPS to PDF converter (version 2006.09.02).]
\scratchcounter=\count542
\scratchdimen=\dimen334
\scratchbox=\box133
\nofMPsegments=\count543
\nofMParguments=\count544
\everyMPshowfont=\toks59
\MPscratchCnt=\count545
\MPscratchDim=\dimen335
\MPnumerator=\count546
\makeMPintoPDFobject=\count547
\everyMPtoPDFconversion=\toks60
) (C:\Users\titou\AppData\Local\Programs\MiKTeX\tex/latex/epstopdf-pkg\epstopdf-base.sty
Package: epstopdf-base 2020-01-24 v2.11 Base part for package epstopdf
Package epstopdf-base Info: Redefining graphics rule for `.eps' on input line 485.
 (C:\Users\titou\AppData\Local\Programs\MiKTeX\tex/latex/00miktex\epstopdf-sys.cfg
File: epstopdf-sys.cfg 2021/03/18 v2.0 Configuration of epstopdf for MiKTeX
))
Package hyperref Info: Link coloring OFF on input line 35.
 (main.out) (main.out)
\@outlinefile=\write6
\openout6 = `main.out'.

LaTeX Font Info:    Overwriting symbol font `operators' in version `normal'
(Font)                  OT1/cmr/m/n --> OT1/cmss/m/n on input line 35.
LaTeX Font Info:    Overwriting symbol font `operators' in version `bold'
(Font)                  OT1/cmr/bx/n --> OT1/cmss/b/n on input line 35.
\symnumbers=\mathgroup6
\sympureletters=\mathgroup7
LaTeX Font Info:    Overwriting math alphabet `\mathrm' in version `normal'
(Font)                  OT1/cmss/m/n --> T1/cmr/m/n on input line 35.
LaTeX Font Info:    Redeclaring math alphabet \mathbf on input line 35.
LaTeX Font Info:    Overwriting math alphabet `\mathbf' in version `normal'
(Font)                  OT1/cmr/bx/n --> T1/cmss/b/n on input line 35.
LaTeX Font Info:    Overwriting math alphabet `\mathbf' in version `bold'
(Font)                  OT1/cmr/bx/n --> T1/cmss/b/n on input line 35.
LaTeX Font Info:    Redeclaring math alphabet \mathsf on input line 35.
LaTeX Font Info:    Overwriting math alphabet `\mathsf' in version `normal'
(Font)                  OT1/cmss/m/n --> T1/cmss/m/n on input line 35.
LaTeX Font Info:    Overwriting math alphabet `\mathsf' in version `bold'
(Font)                  OT1/cmss/bx/n --> T1/cmss/m/n on input line 35.
LaTeX Font Info:    Redeclaring math alphabet \mathit on input line 35.
LaTeX Font Info:    Overwriting math alphabet `\mathit' in version `normal'
(Font)                  OT1/cmr/m/it --> T1/cmss/m/it on input line 35.
LaTeX Font Info:    Overwriting math alphabet `\mathit' in version `bold'
(Font)                  OT1/cmr/bx/it --> T1/cmss/m/it on input line 35.
LaTeX Font Info:    Redeclaring math alphabet \mathtt on input line 35.
LaTeX Font Info:    Overwriting math alphabet `\mathtt' in version `normal'
(Font)                  OT1/cmtt/m/n --> T1/cmtt/m/n on input line 35.
LaTeX Font Info:    Overwriting math alphabet `\mathtt' in version `bold'
(Font)                  OT1/cmtt/m/n --> T1/cmtt/m/n on input line 35.
LaTeX Font Info:    Overwriting symbol font `numbers' in version `bold'
(Font)                  T1/cmss/m/n --> T1/cmss/b/n on input line 35.
LaTeX Font Info:    Overwriting symbol font `pureletters' in version `bold'
(Font)                  T1/cmss/m/it --> T1/cmss/b/it on input line 35.
LaTeX Font Info:    Overwriting math alphabet `\mathrm' in version `bold'
(Font)                  OT1/cmss/b/n --> T1/cmr/b/n on input line 35.
LaTeX Font Info:    Overwriting math alphabet `\mathbf' in version `bold'
(Font)                  T1/cmss/b/n --> T1/cmss/b/n on input line 35.
LaTeX Font Info:    Overwriting math alphabet `\mathsf' in version `bold'
(Font)                  T1/cmss/m/n --> T1/cmss/b/n on input line 35.
LaTeX Font Info:    Overwriting math alphabet `\mathit' in version `bold'
(Font)                  T1/cmss/m/it --> T1/cmss/b/it on input line 35.
LaTeX Font Info:    Overwriting math alphabet `\mathtt' in version `bold'
(Font)                  T1/cmtt/m/n --> T1/cmtt/b/n on input line 35.
LaTeX Font Info:    Redeclaring symbol font `pureletters' on input line 35.
LaTeX Font Info:    Encoding `T1' has changed to `OT1' for symbol font
(Font)              `pureletters' in the math version `normal' on input line 35.
LaTeX Font Info:    Overwriting symbol font `pureletters' in version `normal'
(Font)                  T1/cmss/m/it --> OT1/mathkerncmss/m/sl on input line 35.
LaTeX Font Info:    Encoding `T1' has changed to `OT1' for symbol font
(Font)              `pureletters' in the math version `bold' on input line 35.
LaTeX Font Info:    Overwriting symbol font `pureletters' in version `bold'
(Font)                  T1/cmss/b/it --> OT1/mathkerncmss/m/sl on input line 35.
LaTeX Font Info:    Overwriting symbol font `pureletters' in version `bold'
(Font)                  OT1/mathkerncmss/m/sl --> OT1/mathkerncmss/bx/sl on input line 35.
 (C:\Users\titou\AppData\Local\Programs\MiKTeX\tex/latex/translator\translator-basic-dictionary-English.dict
Dictionary: translator-basic-dictionary, Language: English 
) (C:\Users\titou\AppData\Local\Programs\MiKTeX\tex/latex/translator\translator-bibliography-dictionary-English.dict
Dictionary: translator-bibliography-dictionary, Language: English 
) (C:\Users\titou\AppData\Local\Programs\MiKTeX\tex/latex/translator\translator-environment-dictionary-English.dict
Dictionary: translator-environment-dictionary, Language: English 
) (C:\Users\titou\AppData\Local\Programs\MiKTeX\tex/latex/translator\translator-months-dictionary-English.dict
Dictionary: translator-months-dictionary, Language: English 
) (C:\Users\titou\AppData\Local\Programs\MiKTeX\tex/latex/translator\translator-numbers-dictionary-English.dict
Dictionary: translator-numbers-dictionary, Language: English 
) (C:\Users\titou\AppData\Local\Programs\MiKTeX\tex/latex/translator\translator-theorem-dictionary-English.dict
Dictionary: translator-theorem-dictionary, Language: English 
) (C:\Users\titou\AppData\Local\Programs\MiKTeX\tex/latex/pdflscape\pdflscape.sty
Package: pdflscape 2022-10-27 v0.13 Display of landscape pages in PDF
 (C:\Users\titou\AppData\Local\Programs\MiKTeX\tex/latex/pdflscape\pdflscape-nometadata.sty
Package: pdflscape-nometadata 2022-10-28 v0.13 Display of landscape pages in PDF (HO)
 (C:\Users\titou\AppData\Local\Programs\MiKTeX\tex/latex/graphics\lscape.sty
Package: lscape 2020/05/28 v3.02 Landscape Pages (DPC)
)
Package pdflscape Info: Auto-detected driver: pdftex on input line 81.
))
Package biblatex Info: Trying to load language 'english'...
Package biblatex Info: ... file 'english.lbx' found.
 (C:\Users\titou\AppData\Local\Programs\MiKTeX\tex/latex/biblatex/lbx\english.lbx
File: english.lbx 2025/07/10 v3.21 biblatex localization (PK/MW)
)
Package biblatex Info: Input encoding 'utf8' detected.
Package biblatex Info: Automatic encoding selection.
(biblatex)             Assuming data encoding 'utf8'.
Package biblatex Info: Input encoding 'utf8' detected.
Package biblatex Info: Data encoding 'utf8' specified.
(biblatex)             No need to reencode data.
\openout5 = `main-blx.bib'.

Package biblatex Info: Trying to load bibliographic data...
Package biblatex Info: ... file 'main.bbl' not found.

No file main.bbl.
Package biblatex Info: Reference section=0 on input line 35.
Package biblatex Info: Reference segment=0 on input line 35.
(main.nav)
Overfull \hbox (136.68451pt too wide) detected at line 35
  [] [][][][][][] [][][][][][][][][] [][][][][][][][][][][] [][][][][][][][][][][][][][][][] [][][][] [][][][][]  
 []


Overfull \hbox (136.68451pt too wide) detected at line 40
  [] [][][][][][] [][][][][][][][][] [][][][][][][][][][][] [][][][][][][][][][][][][][][][] [][][][] [][][][][]  
 []

<images/background.pdf, id=138, 722.7pt x 542.025pt>
File: images/background.pdf Graphic file (type pdf)
<use images/background.pdf>
Package pdftex.def Info: images/background.pdf  used on input line 40.
(pdftex.def)             Requested size: 367.8353pt x 275.87495pt.

LaTeX Font Warning: Font shape `T1/cmss/m/n' in size <20> not available
(Font)              size <20.74> substituted on input line 40.

LaTeX Font Info:    Trying to load font information for U+msa on input line 40.
(C:\Users\titou\AppData\Local\Programs\MiKTeX\tex/latex/amsfonts\umsa.fd
File: umsa.fd 2013/01/14 v3.01 AMS symbols A
)
LaTeX Font Info:    Trying to load font information for U+msb on input line 40.
 (C:\Users\titou\AppData\Local\Programs\MiKTeX\tex/latex/amsfonts\umsb.fd
File: umsb.fd 2013/01/14 v3.01 AMS symbols B
)
LaTeX Font Info:    Trying to load font information for OT1+mathkerncmss on input line 40.
 (C:\Users\titou\AppData\Local\Programs\MiKTeX\tex/latex/sansmathaccent\ot1mathkerncmss.fd
File: ot1mathkerncmss.fd 2020/01/31 Fontinst v1.933 font definitions for OT1/mathkerncmss.
)
Overfull \hbox (2.41777pt too wide) in paragraph at lines 40--40
[]|  [] 
 []


Overfull \vbox (20.04001pt too high) detected at line 40
 []

[1

{C:/Users/titou/AppData/Local/MiKTeX/fonts/map/pdftex/pdftex.map} <./images/background.pdf>]
Overfull \hbox (136.68451pt too wide) detected at line 42
  [] [][][][][][] [][][][][][][][][] [][][][][][][][][][][] [][][][][][][][][][][][][][][][] [][][][] [][][][][]  
 []


LaTeX Font Warning: Font shape `T1/cmss/m/sc' in size <24.88> not available
(Font)              Font shape `T1/cmr/m/sc' tried instead on input line 42.

[2

]
Overfull \hbox (136.68451pt too wide) detected at line 58
  [] [][][][][][] [][][][][][][][][] [][][][][][][][][][][] [][][][][][][][][][][][][][][][] [][][][] [][][][][]  
 []

<images/logoWhite.pdf, id=271, 560.53618pt x 230.98195pt>
File: images/logoWhite.pdf Graphic file (type pdf)
<use images/logoWhite.pdf>
Package pdftex.def Info: images/logoWhite.pdf  used on input line 58.
(pdftex.def)             Requested size: 41.25641pt x 16.99864pt.

Overfull \hbox (136.68451pt too wide) has occurred while \output is active
  [] [][][][][][] [][][][][][][][][] [][][][][][][][][][][] [][][][][][][][][][][][][][][][] [][][][] [][][][][]  
 []

[3

 <./images/logoWhite.pdf>]
File: images/logoWhite.pdf Graphic file (type pdf)
<use images/logoWhite.pdf>
Package pdftex.def Info: images/logoWhite.pdf  used on input line 58.
(pdftex.def)             Requested size: 41.25641pt x 16.99864pt.

Overfull \hbox (136.68451pt too wide) has occurred while \output is active
  [] [][][][][][] [][][][][][][][][] [][][][][][][][][][][] [][][][][][][][][][][][][][][][] [][][][] [][][][][]  
 []

[4

]
Overfull \hbox (136.68451pt too wide) detected at line 72
  [] [][][][][][] [][][][][][][][][] [][][][][][][][][][][] [][][][][][][][][][][][][][][][] [][][][] [][][][][]  
 []

File: images/logoWhite.pdf Graphic file (type pdf)
<use images/logoWhite.pdf>
Package pdftex.def Info: images/logoWhite.pdf  used on input line 72.
(pdftex.def)             Requested size: 41.25641pt x 16.99864pt.

Overfull \hbox (136.68451pt too wide) has occurred while \output is active
  [] [][][][][][] [][][][][][][][][] [][][][][][][][][][][] [][][][][][][][][][][][][][][][] [][][][] [][][][][]  
 []

[5

]
File: images/logoWhite.pdf Graphic file (type pdf)
<use images/logoWhite.pdf>
Package pdftex.def Info: images/logoWhite.pdf  used on input line 72.
(pdftex.def)             Requested size: 41.25641pt x 16.99864pt.

Overfull \hbox (136.68451pt too wide) has occurred while \output is active
  [] [][][][][][] [][][][][][][][][] [][][][][][][][][][][] [][][][][][][][][][][][][][][][] [][][][] [][][][][]  
 []

[6

]
File: images/logoWhite.pdf Graphic file (type pdf)
<use images/logoWhite.pdf>
Package pdftex.def Info: images/logoWhite.pdf  used on input line 72.
(pdftex.def)             Requested size: 41.25641pt x 16.99864pt.

Overfull \hbox (136.68451pt too wide) has occurred while \output is active
  [] [][][][][][] [][][][][][][][][] [][][][][][][][][][][] [][][][][][][][][][][][][][][][] [][][][] [][][][][]  
 []

[7

]
Overfull \hbox (136.68451pt too wide) detected at line 85
  [] [][][][][][] [][][][][][][][][] [][][][][][][][][][][] [][][][][][][][][][][][][][][][] [][][][] [][][][][]  
 []

File: images/logoWhite.pdf Graphic file (type pdf)
<use images/logoWhite.pdf>
Package pdftex.def Info: images/logoWhite.pdf  used on input line 85.
(pdftex.def)             Requested size: 41.25641pt x 16.99864pt.

Overfull \hbox (136.68451pt too wide) has occurred while \output is active
  [] [][][][][][] [][][][][][][][][] [][][][][][][][][][][] [][][][][][][][][][][][][][][][] [][][][] [][][][][]  
 []

[8

]
File: images/logoWhite.pdf Graphic file (type pdf)
<use images/logoWhite.pdf>
Package pdftex.def Info: images/logoWhite.pdf  used on input line 85.
(pdftex.def)             Requested size: 41.25641pt x 16.99864pt.

Overfull \hbox (136.68451pt too wide) has occurred while \output is active
  [] [][][][][][] [][][][][][][][][] [][][][][][][][][][][] [][][][][][][][][][][][][][][][] [][][][] [][][][][]  
 []

[9

]
Overfull \hbox (136.68451pt too wide) detected at line 96
  [] [][][][][][] [][][][][][][][][] [][][][][][][][][][][] [][][][][][][][][][][][][][][][] [][][][] [][][][][]  
 []

File: images/logoWhite.pdf Graphic file (type pdf)
<use images/logoWhite.pdf>
Package pdftex.def Info: images/logoWhite.pdf  used on input line 96.
(pdftex.def)             Requested size: 41.25641pt x 16.99864pt.

Overfull \hbox (136.68451pt too wide) has occurred while \output is active
  [] [][][][][][] [][][][][][][][][] [][][][][][][][][][][] [][][][][][][][][][][][][][][][] [][][][] [][][][][]  
 []

[10

]
Overfull \hbox (136.68451pt too wide) detected at line 98
  [] [][][][][][] [][][][][][][][][] [][][][][][][][][][][] [][][][][][][][][][][][][][][][] [][][][] [][][][][]  
 []

[11

]
Overfull \hbox (136.68451pt too wide) detected at line 110
  [] [][][][][][] [][][][][][][][][] [][][][][][][][][][][] [][][][][][][][][][][][][][][][] [][][][] [][][][][]  
 []

File: images/logoWhite.pdf Graphic file (type pdf)
<use images/logoWhite.pdf>
Package pdftex.def Info: images/logoWhite.pdf  used on input line 110.
(pdftex.def)             Requested size: 41.25641pt x 16.99864pt.

Overfull \hbox (136.68451pt too wide) has occurred while \output is active
  [] [][][][][][] [][][][][][][][][] [][][][][][][][][][][] [][][][][][][][][][][][][][][][] [][][][] [][][][][]  
 []

[12

]
File: images/logoWhite.pdf Graphic file (type pdf)
<use images/logoWhite.pdf>
Package pdftex.def Info: images/logoWhite.pdf  used on input line 110.
(pdftex.def)             Requested size: 41.25641pt x 16.99864pt.

Overfull \hbox (136.68451pt too wide) has occurred while \output is active
  [] [][][][][][] [][][][][][][][][] [][][][][][][][][][][] [][][][][][][][][][][][][][][][] [][][][] [][][][][]  
 []

[13

]
File: images/logoWhite.pdf Graphic file (type pdf)
<use images/logoWhite.pdf>
Package pdftex.def Info: images/logoWhite.pdf  used on input line 110.
(pdftex.def)             Requested size: 41.25641pt x 16.99864pt.

Overfull \hbox (136.68451pt too wide) has occurred while \output is active
  [] [][][][][][] [][][][][][][][][] [][][][][][][][][][][] [][][][][][][][][][][][][][][][] [][][][] [][][][][]  
 []

[14

]
Overfull \hbox (136.68451pt too wide) detected at line 130
  [] [][][][][][] [][][][][][][][][] [][][][][][][][][][][] [][][][][][][][][][][][][][][][] [][][][] [][][][][]  
 []

File: images/logoWhite.pdf Graphic file (type pdf)
<use images/logoWhite.pdf>
Package pdftex.def Info: images/logoWhite.pdf  used on input line 130.
(pdftex.def)             Requested size: 41.25641pt x 16.99864pt.

Overfull \vbox (2.34756pt too high) detected at line 130
 []


Overfull \hbox (136.68451pt too wide) has occurred while \output is active
  [] [][][][][][] [][][][][][][][][] [][][][][][][][][][][] [][][][][][][][][][][][][][][][] [][][][] [][][][][]  
 []

[15

]
File: images/logoWhite.pdf Graphic file (type pdf)
<use images/logoWhite.pdf>
Package pdftex.def Info: images/logoWhite.pdf  used on input line 130.
(pdftex.def)             Requested size: 41.25641pt x 16.99864pt.

Overfull \vbox (2.34756pt too high) detected at line 130
 []


Overfull \hbox (136.68451pt too wide) has occurred while \output is active
  [] [][][][][][] [][][][][][][][][] [][][][][][][][][][][] [][][][][][][][][][][][][][][][] [][][][] [][][][][]  
 []

[16

]
Overfull \hbox (136.68451pt too wide) detected at line 143
  [] [][][][][][] [][][][][][][][][] [][][][][][][][][][][] [][][][][][][][][][][][][][][][] [][][][] [][][][][]  
 []

File: images/logoWhite.pdf Graphic file (type pdf)
<use images/logoWhite.pdf>
Package pdftex.def Info: images/logoWhite.pdf  used on input line 143.
(pdftex.def)             Requested size: 41.25641pt x 16.99864pt.

Overfull \hbox (136.68451pt too wide) has occurred while \output is active
  [] [][][][][][] [][][][][][][][][] [][][][][][][][][][][] [][][][][][][][][][][][][][][][] [][][][] [][][][][]  
 []

[17

]
File: images/logoWhite.pdf Graphic file (type pdf)
<use images/logoWhite.pdf>
Package pdftex.def Info: images/logoWhite.pdf  used on input line 143.
(pdftex.def)             Requested size: 41.25641pt x 16.99864pt.

Overfull \hbox (136.68451pt too wide) has occurred while \output is active
  [] [][][][][][] [][][][][][][][][] [][][][][][][][][][][] [][][][][][][][][][][][][][][][] [][][][] [][][][][]  
 []

[18

]
Overfull \hbox (136.68451pt too wide) detected at line 165
  [] [][][][][][] [][][][][][][][][] [][][][][][][][][][][] [][][][][][][][][][][][][][][][] [][][][] [][][][][]  
 []

File: images/logoWhite.pdf Graphic file (type pdf)
<use images/logoWhite.pdf>
Package pdftex.def Info: images/logoWhite.pdf  used on input line 165.
(pdftex.def)             Requested size: 41.25641pt x 16.99864pt.

Overfull \hbox (136.68451pt too wide) has occurred while \output is active
  [] [][][][][][] [][][][][][][][][] [][][][][][][][][][][] [][][][][][][][][][][][][][][][] [][][][] [][][][][]  
 []

[19

]
Overfull \hbox (136.68451pt too wide) detected at line 180
  [] [][][][][][] [][][][][][][][][] [][][][][][][][][][][] [][][][][][][][][][][][][][][][] [][][][] [][][][][]  
 []

File: images/logoWhite.pdf Graphic file (type pdf)
<use images/logoWhite.pdf>
Package pdftex.def Info: images/logoWhite.pdf  used on input line 180.
(pdftex.def)             Requested size: 41.25641pt x 16.99864pt.

Overfull \hbox (136.68451pt too wide) has occurred while \output is active
  [] [][][][][][] [][][][][][][][][] [][][][][][][][][][][] [][][][][][][][][][][][][][][][] [][][][] [][][][][]  
 []

[20

]
File: images/logoWhite.pdf Graphic file (type pdf)
<use images/logoWhite.pdf>
Package pdftex.def Info: images/logoWhite.pdf  used on input line 180.
(pdftex.def)             Requested size: 41.25641pt x 16.99864pt.

Overfull \hbox (136.68451pt too wide) has occurred while \output is active
  [] [][][][][][] [][][][][][][][][] [][][][][][][][][][][] [][][][][][][][][][][][][][][][] [][][][] [][][][][]  
 []

[21

]
Overfull \hbox (136.68451pt too wide) detected at line 189
  [] [][][][][][] [][][][][][][][][] [][][][][][][][][][][] [][][][][][][][][][][][][][][][] [][][][] [][][][][]  
 []

File: images/logoWhite.pdf Graphic file (type pdf)
<use images/logoWhite.pdf>
Package pdftex.def Info: images/logoWhite.pdf  used on input line 189.
(pdftex.def)             Requested size: 41.25641pt x 16.99864pt.

Overfull \hbox (136.68451pt too wide) has occurred while \output is active
  [] [][][][][][] [][][][][][][][][] [][][][][][][][][][][] [][][][][][][][][][][][][][][][] [][][][] [][][][][]  
 []

[22

]
File: images/logoWhite.pdf Graphic file (type pdf)
<use images/logoWhite.pdf>
Package pdftex.def Info: images/logoWhite.pdf  used on input line 189.
(pdftex.def)             Requested size: 41.25641pt x 16.99864pt.

Overfull \hbox (136.68451pt too wide) has occurred while \output is active
  [] [][][][][][] [][][][][][][][][] [][][][][][][][][][][] [][][][][][][][][][][][][][][][] [][][][] [][][][][]  
 []

[23

]
Overfull \hbox (136.68451pt too wide) detected at line 210
  [] [][][][][][] [][][][][][][][][] [][][][][][][][][][][] [][][][][][][][][][][][][][][][] [][][][] [][][][][]  
 []

File: images/logoWhite.pdf Graphic file (type pdf)
<use images/logoWhite.pdf>
Package pdftex.def Info: images/logoWhite.pdf  used on input line 210.
(pdftex.def)             Requested size: 41.25641pt x 16.99864pt.

Overfull \hbox (136.68451pt too wide) has occurred while \output is active
  [] [][][][][][] [][][][][][][][][] [][][][][][][][][][][] [][][][][][][][][][][][][][][][] [][][][] [][][][][]  
 []

[24

]
File: images/logoWhite.pdf Graphic file (type pdf)
<use images/logoWhite.pdf>
Package pdftex.def Info: images/logoWhite.pdf  used on input line 210.
(pdftex.def)             Requested size: 41.25641pt x 16.99864pt.

Overfull \hbox (136.68451pt too wide) has occurred while \output is active
  [] [][][][][][] [][][][][][][][][] [][][][][][][][][][][] [][][][][][][][][][][][][][][][] [][][][] [][][][][]  
 []

[25

]
File: images/logoWhite.pdf Graphic file (type pdf)
<use images/logoWhite.pdf>
Package pdftex.def Info: images/logoWhite.pdf  used on input line 210.
(pdftex.def)             Requested size: 41.25641pt x 16.99864pt.

Overfull \hbox (136.68451pt too wide) has occurred while \output is active
  [] [][][][][][] [][][][][][][][][] [][][][][][][][][][][] [][][][][][][][][][][][][][][][] [][][][] [][][][][]  
 []

[26

]
Overfull \hbox (136.68451pt too wide) detected at line 212
  [] [][][][][][] [][][][][][][][][] [][][][][][][][][][][] [][][][][][][][][][][][][][][][] [][][][] [][][][][]  
 []

[27

]
Overfull \hbox (136.68451pt too wide) detected at line 231
  [] [][][][][][] [][][][][][][][][] [][][][][][][][][][][] [][][][][][][][][][][][][][][][] [][][][] [][][][][]  
 []

File: images/logoWhite.pdf Graphic file (type pdf)
<use images/logoWhite.pdf>
Package pdftex.def Info: images/logoWhite.pdf  used on input line 231.
(pdftex.def)             Requested size: 41.25641pt x 16.99864pt.

Overfull \hbox (136.68451pt too wide) has occurred while \output is active
  [] [][][][][][] [][][][][][][][][] [][][][][][][][][][][] [][][][][][][][][][][][][][][][] [][][][] [][][][][]  
 []

[28

]
File: images/logoWhite.pdf Graphic file (type pdf)
<use images/logoWhite.pdf>
Package pdftex.def Info: images/logoWhite.pdf  used on input line 231.
(pdftex.def)             Requested size: 41.25641pt x 16.99864pt.

Overfull \hbox (136.68451pt too wide) has occurred while \output is active
  [] [][][][][][] [][][][][][][][][] [][][][][][][][][][][] [][][][][][][][][][][][][][][][] [][][][] [][][][][]  
 []

[29

]
File: images/logoWhite.pdf Graphic file (type pdf)
<use images/logoWhite.pdf>
Package pdftex.def Info: images/logoWhite.pdf  used on input line 231.
(pdftex.def)             Requested size: 41.25641pt x 16.99864pt.

Overfull \hbox (136.68451pt too wide) has occurred while \output is active
  [] [][][][][][] [][][][][][][][][] [][][][][][][][][][][] [][][][][][][][][][][][][][][][] [][][][] [][][][][]  
 []

[30

]
Overfull \hbox (136.68451pt too wide) detected at line 240
  [] [][][][][][] [][][][][][][][][] [][][][][][][][][][][] [][][][][][][][][][][][][][][][] [][][][] [][][][][]  
 []

File: images/logoWhite.pdf Graphic file (type pdf)
<use images/logoWhite.pdf>
Package pdftex.def Info: images/logoWhite.pdf  used on input line 240.
(pdftex.def)             Requested size: 41.25641pt x 16.99864pt.

Overfull \hbox (136.68451pt too wide) has occurred while \output is active
  [] [][][][][][] [][][][][][][][][] [][][][][][][][][][][] [][][][][][][][][][][][][][][][] [][][][] [][][][][]  
 []

[31

]
Overfull \hbox (136.68451pt too wide) detected at line 259
  [] [][][][][][] [][][][][][][][][] [][][][][][][][][][][] [][][][][][][][][][][][][][][][] [][][][] [][][][][]  
 []

File: images/logoWhite.pdf Graphic file (type pdf)
<use images/logoWhite.pdf>
Package pdftex.def Info: images/logoWhite.pdf  used on input line 259.
(pdftex.def)             Requested size: 41.25641pt x 16.99864pt.

Overfull \hbox (136.68451pt too wide) has occurred while \output is active
  [] [][][][][][] [][][][][][][][][] [][][][][][][][][][][] [][][][][][][][][][][][][][][][] [][][][] [][][][][]  
 []

[32

]
File: images/logoWhite.pdf Graphic file (type pdf)
<use images/logoWhite.pdf>
Package pdftex.def Info: images/logoWhite.pdf  used on input line 259.
(pdftex.def)             Requested size: 41.25641pt x 16.99864pt.

Overfull \hbox (136.68451pt too wide) has occurred while \output is active
  [] [][][][][][] [][][][][][][][][] [][][][][][][][][][][] [][][][][][][][][][][][][][][][] [][][][] [][][][][]  
 []

[33

]
Overfull \hbox (136.68451pt too wide) detected at line 275
  [] [][][][][][] [][][][][][][][][] [][][][][][][][][][][] [][][][][][][][][][][][][][][][] [][][][] [][][][][]  
 []

File: images/logoWhite.pdf Graphic file (type pdf)
<use images/logoWhite.pdf>
Package pdftex.def Info: images/logoWhite.pdf  used on input line 275.
(pdftex.def)             Requested size: 41.25641pt x 16.99864pt.

Overfull \hbox (136.68451pt too wide) has occurred while \output is active
  [] [][][][][][] [][][][][][][][][] [][][][][][][][][][][] [][][][][][][][][][][][][][][][] [][][][] [][][][][]  
 []

[34

]
File: images/logoWhite.pdf Graphic file (type pdf)
<use images/logoWhite.pdf>
Package pdftex.def Info: images/logoWhite.pdf  used on input line 275.
(pdftex.def)             Requested size: 41.25641pt x 16.99864pt.

Overfull \hbox (136.68451pt too wide) has occurred while \output is active
  [] [][][][][][] [][][][][][][][][] [][][][][][][][][][][] [][][][][][][][][][][][][][][][] [][][][] [][][][][]  
 []

[35

]
Overfull \hbox (136.68451pt too wide) detected at line 305
  [] [][][][][][] [][][][][][][][][] [][][][][][][][][][][] [][][][][][][][][][][][][][][][] [][][][] [][][][][]  
 []

File: images/logoWhite.pdf Graphic file (type pdf)
<use images/logoWhite.pdf>
Package pdftex.def Info: images/logoWhite.pdf  used on input line 305.
(pdftex.def)             Requested size: 41.25641pt x 16.99864pt.

Overfull \hbox (136.68451pt too wide) has occurred while \output is active
  [] [][][][][][] [][][][][][][][][] [][][][][][][][][][][] [][][][][][][][][][][][][][][][] [][][][] [][][][][]  
 []

[36

]
File: images/logoWhite.pdf Graphic file (type pdf)
<use images/logoWhite.pdf>
Package pdftex.def Info: images/logoWhite.pdf  used on input line 305.
(pdftex.def)             Requested size: 41.25641pt x 16.99864pt.

Overfull \hbox (136.68451pt too wide) has occurred while \output is active
  [] [][][][][][] [][][][][][][][][] [][][][][][][][][][][] [][][][][][][][][][][][][][][][] [][][][] [][][][][]  
 []

[37

]
Overfull \hbox (136.68451pt too wide) detected at line 330
  [] [][][][][][] [][][][][][][][][] [][][][][][][][][][][] [][][][][][][][][][][][][][][][] [][][][] [][][][][]  
 []

File: images/logoWhite.pdf Graphic file (type pdf)
<use images/logoWhite.pdf>
Package pdftex.def Info: images/logoWhite.pdf  used on input line 330.
(pdftex.def)             Requested size: 41.25641pt x 16.99864pt.

Overfull \hbox (136.68451pt too wide) has occurred while \output is active
  [] [][][][][][] [][][][][][][][][] [][][][][][][][][][][] [][][][][][][][][][][][][][][][] [][][][] [][][][][]  
 []

[38

]
File: images/logoWhite.pdf Graphic file (type pdf)
<use images/logoWhite.pdf>
Package pdftex.def Info: images/logoWhite.pdf  used on input line 330.
(pdftex.def)             Requested size: 41.25641pt x 16.99864pt.

Overfull \hbox (136.68451pt too wide) has occurred while \output is active
  [] [][][][][][] [][][][][][][][][] [][][][][][][][][][][] [][][][][][][][][][][][][][][][] [][][][] [][][][][]  
 []

[39

]
Overfull \hbox (136.68451pt too wide) detected at line 350
  [] [][][][][][] [][][][][][][][][] [][][][][][][][][][][] [][][][][][][][][][][][][][][][] [][][][] [][][][][]  
 []


Overfull \hbox (1.33476pt too wide) detected at line 350
[][]
 []

File: images/logoWhite.pdf Graphic file (type pdf)
<use images/logoWhite.pdf>
Package pdftex.def Info: images/logoWhite.pdf  used on input line 350.
(pdftex.def)             Requested size: 41.25641pt x 16.99864pt.

Overfull \hbox (136.68451pt too wide) has occurred while \output is active
  [] [][][][][][] [][][][][][][][][] [][][][][][][][][][][] [][][][][][][][][][][][][][][][] [][][][] [][][][][]  
 []

[40

]
Overfull \hbox (1.33476pt too wide) detected at line 350
[][]
 []

File: images/logoWhite.pdf Graphic file (type pdf)
<use images/logoWhite.pdf>
Package pdftex.def Info: images/logoWhite.pdf  used on input line 350.
(pdftex.def)             Requested size: 41.25641pt x 16.99864pt.

Overfull \hbox (136.68451pt too wide) has occurred while \output is active
  [] [][][][][][] [][][][][][][][][] [][][][][][][][][][][] [][][][][][][][][][][][][][][][] [][][][] [][][][][]  
 []

[41

]
Overfull \hbox (136.68451pt too wide) detected at line 362
  [] [][][][][][] [][][][][][][][][] [][][][][][][][][][][] [][][][][][][][][][][][][][][][] [][][][] [][][][][]  
 []

File: images/logoWhite.pdf Graphic file (type pdf)
<use images/logoWhite.pdf>
Package pdftex.def Info: images/logoWhite.pdf  used on input line 362.
(pdftex.def)             Requested size: 41.25641pt x 16.99864pt.

Overfull \hbox (136.68451pt too wide) has occurred while \output is active
  [] [][][][][][] [][][][][][][][][] [][][][][][][][][][][] [][][][][][][][][][][][][][][][] [][][][] [][][][][]  
 []

[42

]
Overfull \hbox (136.68451pt too wide) detected at line 399
  [] [][][][][][] [][][][][][][][][] [][][][][][][][][][][] [][][][][][][][][][][][][][][][] [][][][] [][][][][]  
 []


Overfull \hbox (12.31255pt too wide) detected at line 399
[][]
 []

File: images/logoWhite.pdf Graphic file (type pdf)
<use images/logoWhite.pdf>
Package pdftex.def Info: images/logoWhite.pdf  used on input line 399.
(pdftex.def)             Requested size: 41.25641pt x 16.99864pt.

Overfull \vbox (7.53465pt too high) detected at line 399
 []


Overfull \hbox (136.68451pt too wide) has occurred while \output is active
  [] [][][][][][] [][][][][][][][][] [][][][][][][][][][][] [][][][][][][][][][][][][][][][] [][][][] [][][][][]  
 []

[43

]
Overfull \hbox (136.68451pt too wide) detected at line 401
  [] [][][][][][] [][][][][][][][][] [][][][][][][][][][][] [][][][][][][][][][][][][][][][] [][][][] [][][][][]  
 []

[44

]
Overfull \hbox (136.68451pt too wide) detected at line 412
  [] [][][][][][] [][][][][][][][][] [][][][][][][][][][][] [][][][][][][][][][][][][][][][] [][][][] [][][][][]  
 []

File: images/logoWhite.pdf Graphic file (type pdf)
<use images/logoWhite.pdf>
Package pdftex.def Info: images/logoWhite.pdf  used on input line 412.
(pdftex.def)             Requested size: 41.25641pt x 16.99864pt.

Overfull \hbox (136.68451pt too wide) has occurred while \output is active
  [] [][][][][][] [][][][][][][][][] [][][][][][][][][][][] [][][][][][][][][][][][][][][][] [][][][] [][][][][]  
 []

[45

]
File: images/logoWhite.pdf Graphic file (type pdf)
<use images/logoWhite.pdf>
Package pdftex.def Info: images/logoWhite.pdf  used on input line 412.
(pdftex.def)             Requested size: 41.25641pt x 16.99864pt.

Overfull \hbox (136.68451pt too wide) has occurred while \output is active
  [] [][][][][][] [][][][][][][][][] [][][][][][][][][][][] [][][][][][][][][][][][][][][][] [][][][] [][][][][]  
 []

[46

]
Overfull \hbox (136.68451pt too wide) detected at line 425
  [] [][][][][][] [][][][][][][][][] [][][][][][][][][][][] [][][][][][][][][][][][][][][][] [][][][] [][][][][]  
 []

File: images/logoWhite.pdf Graphic file (type pdf)
<use images/logoWhite.pdf>
Package pdftex.def Info: images/logoWhite.pdf  used on input line 425.
(pdftex.def)             Requested size: 41.25641pt x 16.99864pt.

Overfull \hbox (136.68451pt too wide) has occurred while \output is active
  [] [][][][][][] [][][][][][][][][] [][][][][][][][][][][] [][][][][][][][][][][][][][][][] [][][][] [][][][][]  
 []

[47

]
Overfull \hbox (136.68451pt too wide) detected at line 436
  [] [][][][][][] [][][][][][][][][] [][][][][][][][][][][] [][][][][][][][][][][][][][][][] [][][][] [][][][][]  
 []

File: images/logoWhite.pdf Graphic file (type pdf)
<use images/logoWhite.pdf>
Package pdftex.def Info: images/logoWhite.pdf  used on input line 436.
(pdftex.def)             Requested size: 41.25641pt x 16.99864pt.

Overfull \hbox (136.68451pt too wide) has occurred while \output is active
  [] [][][][][][] [][][][][][][][][] [][][][][][][][][][][] [][][][][][][][][][][][][][][][] [][][][] [][][][][]  
 []

[48

]
Overfull \hbox (136.68451pt too wide) detected at line 445
  [] [][][][][][] [][][][][][][][][] [][][][][][][][][][][] [][][][][][][][][][][][][][][][] [][][][] [][][][][]  
 []

File: images/logoWhite.pdf Graphic file (type pdf)
<use images/logoWhite.pdf>
Package pdftex.def Info: images/logoWhite.pdf  used on input line 445.
(pdftex.def)             Requested size: 41.25641pt x 16.99864pt.

Overfull \hbox (136.68451pt too wide) has occurred while \output is active
  [] [][][][][][] [][][][][][][][][] [][][][][][][][][][][] [][][][][][][][][][][][][][][][] [][][][] [][][][][]  
 []

[49

]
Overfull \hbox (136.68451pt too wide) detected at line 458
  [] [][][][][][] [][][][][][][][][] [][][][][][][][][][][] [][][][][][][][][][][][][][][][] [][][][] [][][][][]  
 []

File: images/logoWhite.pdf Graphic file (type pdf)
<use images/logoWhite.pdf>
Package pdftex.def Info: images/logoWhite.pdf  used on input line 458.
(pdftex.def)             Requested size: 41.25641pt x 16.99864pt.

Overfull \hbox (136.68451pt too wide) has occurred while \output is active
  [] [][][][][][] [][][][][][][][][] [][][][][][][][][][][] [][][][][][][][][][][][][][][][] [][][][] [][][][][]  
 []

[50

]
Overfull \hbox (136.68451pt too wide) detected at line 472
  [] [][][][][][] [][][][][][][][][] [][][][][][][][][][][] [][][][][][][][][][][][][][][][] [][][][] [][][][][]  
 []

File: images/logoWhite.pdf Graphic file (type pdf)
<use images/logoWhite.pdf>
Package pdftex.def Info: images/logoWhite.pdf  used on input line 472.
(pdftex.def)             Requested size: 41.25641pt x 16.99864pt.

Overfull \hbox (136.68451pt too wide) has occurred while \output is active
  [] [][][][][][] [][][][][][][][][] [][][][][][][][][][][] [][][][][][][][][][][][][][][][] [][][][] [][][][][]  
 []

[51

]
Overfull \hbox (136.68451pt too wide) detected at line 493
  [] [][][][][][] [][][][][][][][][] [][][][][][][][][][][] [][][][][][][][][][][][][][][][] [][][][] [][][][][]  
 []

File: images/logoWhite.pdf Graphic file (type pdf)
<use images/logoWhite.pdf>
Package pdftex.def Info: images/logoWhite.pdf  used on input line 493.
(pdftex.def)             Requested size: 41.25641pt x 16.99864pt.

Overfull \hbox (136.68451pt too wide) has occurred while \output is active
  [] [][][][][][] [][][][][][][][][] [][][][][][][][][][][] [][][][][][][][][][][][][][][][] [][][][] [][][][][]  
 []

[52

]
Overfull \hbox (136.68451pt too wide) detected at line 503
  [] [][][][][][] [][][][][][][][][] [][][][][][][][][][][] [][][][][][][][][][][][][][][][] [][][][] [][][][][]  
 []

File: images/logoWhite.pdf Graphic file (type pdf)
<use images/logoWhite.pdf>
Package pdftex.def Info: images/logoWhite.pdf  used on input line 503.
(pdftex.def)             Requested size: 41.25641pt x 16.99864pt.

Overfull \hbox (136.68451pt too wide) has occurred while \output is active
  [] [][][][][][] [][][][][][][][][] [][][][][][][][][][][] [][][][][][][][][][][][][][][][] [][][][] [][][][][]  
 []

[53

]
Overfull \hbox (136.68451pt too wide) detected at line 512
  [] [][][][][][] [][][][][][][][][] [][][][][][][][][][][] [][][][][][][][][][][][][][][][] [][][][] [][][][][]  
 []

File: images/logoWhite.pdf Graphic file (type pdf)
<use images/logoWhite.pdf>
Package pdftex.def Info: images/logoWhite.pdf  used on input line 512.
(pdftex.def)             Requested size: 41.25641pt x 16.99864pt.

Overfull \hbox (136.68451pt too wide) has occurred while \output is active
  [] [][][][][][] [][][][][][][][][] [][][][][][][][][][][] [][][][][][][][][][][][][][][][] [][][][] [][][][][]  
 []

[54

]
Overfull \hbox (136.68451pt too wide) detected at line 526
  [] [][][][][][] [][][][][][][][][] [][][][][][][][][][][] [][][][][][][][][][][][][][][][] [][][][] [][][][][]  
 []

File: images/logoWhite.pdf Graphic file (type pdf)
<use images/logoWhite.pdf>
Package pdftex.def Info: images/logoWhite.pdf  used on input line 526.
(pdftex.def)             Requested size: 41.25641pt x 16.99864pt.

Overfull \hbox (136.68451pt too wide) has occurred while \output is active
  [] [][][][][][] [][][][][][][][][] [][][][][][][][][][][] [][][][][][][][][][][][][][][][] [][][][] [][][][][]  
 []

[55

]
Overfull \hbox (136.68451pt too wide) detected at line 538
  [] [][][][][][] [][][][][][][][][] [][][][][][][][][][][] [][][][][][][][][][][][][][][][] [][][][] [][][][][]  
 []

File: images/logoWhite.pdf Graphic file (type pdf)
<use images/logoWhite.pdf>
Package pdftex.def Info: images/logoWhite.pdf  used on input line 538.
(pdftex.def)             Requested size: 41.25641pt x 16.99864pt.

Overfull \hbox (136.68451pt too wide) has occurred while \output is active
  [] [][][][][][] [][][][][][][][][] [][][][][][][][][][][] [][][][][][][][][][][][][][][][] [][][][] [][][][][]  
 []

[56

]
File: images/logoWhite.pdf Graphic file (type pdf)
<use images/logoWhite.pdf>
Package pdftex.def Info: images/logoWhite.pdf  used on input line 538.
(pdftex.def)             Requested size: 41.25641pt x 16.99864pt.

Overfull \hbox (136.68451pt too wide) has occurred while \output is active
  [] [][][][][][] [][][][][][][][][] [][][][][][][][][][][] [][][][][][][][][][][][][][][][] [][][][] [][][][][]  
 []

[57

]
Overfull \hbox (136.68451pt too wide) detected at line 554
  [] [][][][][][] [][][][][][][][][] [][][][][][][][][][][] [][][][][][][][][][][][][][][][] [][][][] [][][][][]  
 []

File: images/logoWhite.pdf Graphic file (type pdf)
<use images/logoWhite.pdf>
Package pdftex.def Info: images/logoWhite.pdf  used on input line 554.
(pdftex.def)             Requested size: 41.25641pt x 16.99864pt.

Overfull \hbox (136.68451pt too wide) has occurred while \output is active
  [] [][][][][][] [][][][][][][][][] [][][][][][][][][][][] [][][][][][][][][][][][][][][][] [][][][] [][][][][]  
 []

[58

]
File: images/logoWhite.pdf Graphic file (type pdf)
<use images/logoWhite.pdf>
Package pdftex.def Info: images/logoWhite.pdf  used on input line 554.
(pdftex.def)             Requested size: 41.25641pt x 16.99864pt.

Overfull \hbox (136.68451pt too wide) has occurred while \output is active
  [] [][][][][][] [][][][][][][][][] [][][][][][][][][][][] [][][][][][][][][][][][][][][][] [][][][] [][][][][]  
 []

[59

]
Overfull \hbox (136.68451pt too wide) detected at line 567
  [] [][][][][][] [][][][][][][][][] [][][][][][][][][][][] [][][][][][][][][][][][][][][][] [][][][] [][][][][]  
 []

File: images/logoWhite.pdf Graphic file (type pdf)
<use images/logoWhite.pdf>
Package pdftex.def Info: images/logoWhite.pdf  used on input line 567.
(pdftex.def)             Requested size: 41.25641pt x 16.99864pt.

Overfull \hbox (136.68451pt too wide) has occurred while \output is active
  [] [][][][][][] [][][][][][][][][] [][][][][][][][][][][] [][][][][][][][][][][][][][][][] [][][][] [][][][][]  
 []

[60

]
File: images/logoWhite.pdf Graphic file (type pdf)
<use images/logoWhite.pdf>
Package pdftex.def Info: images/logoWhite.pdf  used on input line 567.
(pdftex.def)             Requested size: 41.25641pt x 16.99864pt.

Overfull \hbox (136.68451pt too wide) has occurred while \output is active
  [] [][][][][][] [][][][][][][][][] [][][][][][][][][][][] [][][][][][][][][][][][][][][][] [][][][] [][][][][]  
 []

[61

]
Overfull \hbox (136.68451pt too wide) detected at line 575
  [] [][][][][][] [][][][][][][][][] [][][][][][][][][][][] [][][][][][][][][][][][][][][][] [][][][] [][][][][]  
 []

File: images/logoWhite.pdf Graphic file (type pdf)
<use images/logoWhite.pdf>
Package pdftex.def Info: images/logoWhite.pdf  used on input line 575.
(pdftex.def)             Requested size: 41.25641pt x 16.99864pt.

Overfull \hbox (136.68451pt too wide) has occurred while \output is active
  [] [][][][][][] [][][][][][][][][] [][][][][][][][][][][] [][][][][][][][][][][][][][][][] [][][][] [][][][][]  
 []

[62

]
Overfull \hbox (136.68451pt too wide) detected at line 578
  [] [][][][][][] [][][][][][][][][] [][][][][][][][][][][] [][][][][][][][][][][][][][][][] [][][][] [][][][][]  
 []

[63

]
Overfull \hbox (136.68451pt too wide) detected at line 582
  [] [][][][][][] [][][][][][][][][] [][][][][][][][][][][] [][][][][][][][][][][][][][][][] [][][][] [][][][][]  
 []

<images/table1.png, id=5465, 507.39563pt x 229.60782pt>
File: images/table1.png Graphic file (type png)
<use images/table1.png>
Package pdftex.def Info: images/table1.png  used on input line 582.
(pdftex.def)             Requested size: 307.2966pt x 139.05855pt.
File: images/logoWhite.pdf Graphic file (type pdf)
<use images/logoWhite.pdf>
Package pdftex.def Info: images/logoWhite.pdf  used on input line 582.
(pdftex.def)             Requested size: 41.25641pt x 16.99864pt.

Overfull \hbox (136.68451pt too wide) has occurred while \output is active
  [] [][][][][][] [][][][][][][][][] [][][][][][][][][][][] [][][][][][][][][][][][][][][][] [][][][] [][][][][]  
 []

[64

 <./images/table1.png>]
Overfull \hbox (136.68451pt too wide) detected at line 591
  [] [][][][][][] [][][][][][][][][] [][][][][][][][][][][] [][][][][][][][][][][][][][][][] [][][][] [][][][][]  
 []

File: images/logoWhite.pdf Graphic file (type pdf)
<use images/logoWhite.pdf>
Package pdftex.def Info: images/logoWhite.pdf  used on input line 591.
(pdftex.def)             Requested size: 41.25641pt x 16.99864pt.

Overfull \hbox (136.68451pt too wide) has occurred while \output is active
  [] [][][][][][] [][][][][][][][][] [][][][][][][][][][][] [][][][][][][][][][][][][][][][] [][][][] [][][][][]  
 []

[65

]
Overfull \hbox (136.68451pt too wide) detected at line 595
  [] [][][][][][] [][][][][][][][][] [][][][][][][][][][][] [][][][][][][][][][][][][][][][] [][][][] [][][][][]  
 []

[66

]
Overfull \hbox (136.68451pt too wide) detected at line 616
  [] [][][][][][] [][][][][][][][][] [][][][][][][][][][][] [][][][][][][][][][][][][][][][] [][][][] [][][][][]  
 []

File: images/logoWhite.pdf Graphic file (type pdf)
<use images/logoWhite.pdf>
Package pdftex.def Info: images/logoWhite.pdf  used on input line 616.
(pdftex.def)             Requested size: 41.25641pt x 16.99864pt.

Overfull \hbox (136.68451pt too wide) has occurred while \output is active
  [] [][][][][][] [][][][][][][][][] [][][][][][][][][][][] [][][][][][][][][][][][][][][][] [][][][] [][][][][]  
 []

[67

]
Overfull \hbox (136.68451pt too wide) detected at line 638
  [] [][][][][][] [][][][][][][][][] [][][][][][][][][][][] [][][][][][][][][][][][][][][][] [][][][] [][][][][]  
 []

File: images/logoWhite.pdf Graphic file (type pdf)
<use images/logoWhite.pdf>
Package pdftex.def Info: images/logoWhite.pdf  used on input line 638.
(pdftex.def)             Requested size: 41.25641pt x 16.99864pt.

Overfull \vbox (6.16547pt too high) detected at line 638
 []


Overfull \hbox (136.68451pt too wide) has occurred while \output is active
  [] [][][][][][] [][][][][][][][][] [][][][][][][][][][][] [][][][][][][][][][][][][][][][] [][][][] [][][][][]  
 []

[68

]
Overfull \hbox (136.68451pt too wide) detected at line 657
  [] [][][][][][] [][][][][][][][][] [][][][][][][][][][][] [][][][][][][][][][][][][][][][] [][][][] [][][][][]  
 []


Overfull \hbox (136.68451pt too wide) has occurred while \output is active
  [] [][][][][][] [][][][][][][][][] [][][][][][][][][][][] [][][][][][][][][][][][][][][][] [][][][] [][][][][]  
 []

[69

]
\tf@nav=\write7
\openout7 = `main.nav'.

\tf@toc=\write8
\openout8 = `main.toc'.

\tf@snm=\write9
\openout9 = `main.snm'.

 (main.aux)
 ***********
LaTeX2e <2025-11-01>
L3 programming layer <2025-12-24>
 ***********


LaTeX Font Warning: Size substitutions with differences
(Font)              up to 0.74pt have occurred.

Package rerunfilecheck Info: File `main.out' has not changed.
(rerunfilecheck)             Checksum: 15C543BBCFD90651C0A3911B8BE5E973;811.
Package logreq Info: Writing requests to 'main.run.xml'.
\openout1 = `main.run.xml'.

 ) 
Here is how much of TeX's memory you used:
 35529 strings out of 467871
 703354 string characters out of 5418376
 1525378 words of memory out of 5000000
 63617 multiletter control sequences out of 15000+600000
 649237 words of font info for 91 fonts, out of 8000000 for 9000
 1141 hyphenation exceptions out of 8191
 128i,19n,123p,1914b,1748s stack positions out of 10000i,1000n,20000p,200000b,200000s
 <C:\Users\titou\AppData\Local\MiKTeX\fonts/pk/ljfour/jknappen/ec/dpi600\ecss0700.pk> <C:\Users\titou\AppData\Local\MiKTeX\fonts/pk/ljfour/jknappen/ec/dpi600\ecss1000.pk> <C:\Users\titou\AppData\Local\MiKTeX\fonts/pk/ljfour/jknappen/ec/dpi600\ecso1095.pk> <C:\Users\titou\AppData\Local\MiKTeX\fonts/pk/ljfour/jknappen/ec/dpi600\ecsi1095.pk> <C:\Users\titou\AppData\Local\MiKTeX\fonts/pk/ljfour/jknappen/ec/dpi600\ecsx1095.pk> <C:\Users\titou\AppData\Local\MiKTeX\fonts/pk/ljfour/jknappen/ec/dpi600\ecss1095.pk> <C:\Users\titou\AppData\Local\MiKTeX\fonts/pk/ljfour/jknappen/ec/dpi600\ecss0500.pk> <C:\Users\titou\AppData\Local\MiKTeX\fonts/pk/ljfour/jknappen/ec/dpi600\eccc2488.pk> <C:\Users\titou\AppData\Local\MiKTeX\fonts/pk/ljfour/jknappen/ec/dpi600\ecss1200.pk> <C:\Users\titou\AppData\Local\MiKTeX\fonts/pk/ljfour/jknappen/ec/dpi600\ecss0600.pk> <C:\Users\titou\AppData\Local\MiKTeX\fonts/pk/ljfour/jknappen/ec/dpi600\ecss0800.pk> <C:\Users\titou\AppData\Local\MiKTeX\fonts/pk/ljfour/jknappen/ec/dpi600\ecss2488.pk><C:/Users/titou/AppData/Local/Programs/MiKTeX/fonts/type1/public/amsfonts/cm/cmex10.pfb><C:/Users/titou/AppData/Local/Programs/MiKTeX/fonts/type1/public/amsfonts/cm/cmmi10.pfb><C:/Users/titou/AppData/Local/Programs/MiKTeX/fonts/type1/public/amsfonts/cm/cmmi6.pfb><C:/Users/titou/AppData/Local/Programs/MiKTeX/fonts/type1/public/amsfonts/cm/cmss10.pfb><C:/Users/titou/AppData/Local/Programs/MiKTeX/fonts/type1/public/amsfonts/cm/cmss8.pfb><C:/Users/titou/AppData/Local/Programs/MiKTeX/fonts/type1/public/amsfonts/cm/cmssi10.pfb><C:/Users/titou/AppData/Local/Programs/MiKTeX/fonts/type1/public/amsfonts/cm/cmssi8.pfb><C:/Users/titou/AppData/Local/Programs/MiKTeX/fonts/type1/public/amsfonts/cm/cmsy10.pfb><C:/Users/titou/AppData/Local/Programs/MiKTeX/fonts/type1/public/amsfonts/cm/cmsy6.pfb><C:/Users/titou/AppData/Local/Programs/MiKTeX/fonts/type1/public/amsfonts/cm/cmsy7.pfb><C:/Users/titou/AppData/Local/Programs/MiKTeX/fonts/type1/public/amsfonts/cm/cmsy8.pfb>
Output written on main.pdf (69 pages, 1675248 bytes).
PDF statistics:
 6487 PDF objects out of 7423 (max. 8388607)
 145 named destinations out of 1000 (max. 500000)
 106 words of extra memory for PDF output out of 10000 (max. 10000000)

